******************************************************************************
                  MSP430 Linker PC v21.6.1                     
******************************************************************************
>> Linked Tue Mar 11 13:58:28 2025

OUTPUT FILE NAME:   <1_SIoT.out>
ENTRY POINT SYMBOL: "_c_int00_noargs"  address: 00008920


MEMORY CONFIGURATION

         name            origin    length      used     unused   attr    fill
----------------------  --------  ---------  --------  --------  ----  --------
  SFR                   00000000   00000010  00000000  00000010  RWIX
  PERIPHERALS_8BIT      00000010   000000f0  00000000  000000f0  RWIX
  PERIPHERALS_16BIT     00000100   00000100  00000000  00000100  RWIX
  RAM                   00000200   00000400  00000077  00000389  RWIX
  INFOD                 00001000   00000040  00000000  00000040  RWIX
  INFOC                 00001040   00000040  00000000  00000040  RWIX
  INFOB                 00001080   00000040  00000000  00000040  RWIX
  INFOA                 000010c0   00000040  00000000  00000040  RWIX
  FLASH                 00008000   00007fde  00000a2c  000075b2  RWIX
  BSLSIGNATURE          0000ffde   00000002  00000002  00000000  RWIX  ffff 
  INT00                 0000ffe0   00000002  00000000  00000002  RWIX
  INT01                 0000ffe2   00000002  00000000  00000002  RWIX
  INT02                 0000ffe4   00000002  00000002  00000000  RWIX
  INT03                 0000ffe6   00000002  00000002  00000000  RWIX
  INT04                 0000ffe8   00000002  00000000  00000002  RWIX
  INT05                 0000ffea   00000002  00000002  00000000  RWIX
  INT06                 0000ffec   00000002  00000002  00000000  RWIX
  INT07                 0000ffee   00000002  00000002  00000000  RWIX
  INT08                 0000fff0   00000002  00000002  00000000  RWIX
  INT09                 0000fff2   00000002  00000002  00000000  RWIX
  INT10                 0000fff4   00000002  00000002  00000000  RWIX
  INT11                 0000fff6   00000002  00000000  00000002  RWIX
  INT12                 0000fff8   00000002  00000002  00000000  RWIX
  INT13                 0000fffa   00000002  00000002  00000000  RWIX
  INT14                 0000fffc   00000002  00000002  00000000  RWIX
  RESET                 0000fffe   00000002  00000002  00000000  RWIX


SECTION ALLOCATION MAP

 output                                  attributes/
section   page    origin      length       input sections
--------  ----  ----------  ----------   ----------------
.bss       0    00000200    00000027     UNINITIALIZED
                  00000200    00000012     (.common:UART_TxBuf)
                  00000212    00000010     (.common:UART_RxBuf)
                  00000222    00000002     (.common:Status)
                  00000224    00000002     (.common:adcStatus)
                  00000226    00000001     (.common:_cc2500_status)

.stack     0    000005b0    00000050     UNINITIALIZED
                  000005b0    00000002     rts430_eabi.lib : boot.c.obj (.stack)
                  000005b2    0000004e     --HOLE--

.text      0    00008000    000009e6     
                  00008000    00000102     main.obj (.text:main)
                  00008102    00000100     uart.obj (.text:IToA)
                  00008202    0000008a     cc2500.obj (.text:_CC_FifoAccess)
                  0000828c    0000007a     cc2500.obj (.text:CC_WriteReg)
                  00008306    00000076     cc2500.obj (.text:CC_SetWaitState)
                  0000837c    00000076     uart.obj (.text:UART_Init)
                  000083f2    00000074     board.obj (.text:UART_Rx)
                  00008466    0000006c     cc2500.obj (.text:CC_SendMessage)
                  000084d2    00000068     cc2500.obj (.text:CC_ReadMessage)
                  0000853a    00000058     rts430_eabi.lib : div32u.asm.obj (.text)
                  00008592    0000004c                     : lsr16.asm.obj (.text)
                  000085de    00000042     cc2500.obj (.text:CC_SetAddress)
                  00008620    00000042     rts430_eabi.lib : autoinit.c.obj (.text:__TI_auto_init_nobinit_nopinit:__TI_auto_init_nobinit_nopinit)
                  00008662    00000040                     : div32s.asm.obj (.text)
                  000086a2    0000003c     cc2500.obj (.text:CC_AddData)
                  000086de    0000003c     board.obj (.text:board_init)
                  0000871a    0000003a     cc2500.obj (.text:CC_ReadReg)
                  00008754    0000003a     uart.obj (.text:SerialWriteln)
                  0000878e    00000038     cc2500.obj (.text:CC_SetChannel)
                  000087c6    00000034     board.obj (.text:delay_ms)
                  000087fa    00000030     board.obj (.text:delay_us)
                  0000882a    0000002c     rts430_eabi.lib : lsl16.asm.obj (.text)
                  00008856    0000002a     board.obj (.text:ADC_Done)
                  00008880    0000002a     cc2500.obj (.text:CC_Strobe)
                  000088aa    0000002a     board.obj (.text:Port_2_ISR)
                  000088d4    0000002a     board.obj (.text:SPI_Init)
                  000088fe    00000022     uart.obj (.text:SerialWrite)
                  00008920    0000001c     rts430_eabi.lib : boot.c.obj (.text:_c_int00_noargs)
                  0000893c    00000018     board.obj (.text:SPI_Send)
                  00008954    00000016     board.obj (.text:Port1_ISR)
                  0000896a    00000014     rts430_eabi.lib : copy_zero_init.c.obj (.text:decompress:ZI:__TI_zero_init_nomemset:__TI_zero_init_nomemset)
                  0000897e    00000014                     : mult16.asm.obj (.text)
                  00008992    00000012                     : memcpy.c.obj (.text:memcpy)
                  000089a4    00000010     board.obj (.text:SPI_Read)
                  000089b4    00000010     rts430_eabi.lib : epilog.asm.obj (.text)
                  000089c4    0000000e     board.obj (.text:TIMERA0)
                  000089d2    00000008     rts430_eabi.lib : isr_trap.asm.obj (.text:_isr:__TI_ISR_TRAP)
                  000089da    00000006                     : exit.c.obj (.text:abort)
                  000089e0    00000004                     : pre_init.c.obj (.text:_system_pre_init)
                  000089e4    00000002                     : startup.c.obj (.text:_system_post_cinit)

.const     0    000089e6    0000003c     
                  000089e6    00000020     uart.obj (.const:.string)
                  00008a06    0000001c     main.obj (.const:.string)

.cinit     0    00008a22    0000000a     
                  00008a22    00000004     (.cinit..bss.load) [load image, compression = zero_init]
                  00008a26    00000002     (__TI_handler_table)
                  00008a28    00000004     (__TI_cinit_table)

.binit     0    00008000    00000000     

.init_array 
*          0    00008000    00000000     UNINITIALIZED

PORT1      0    0000ffe4    00000002     
                  0000ffe4    00000002     board.obj (.int02)

PORT2      0    0000ffe6    00000002     
                  0000ffe6    00000002     board.obj (.int03)

ADC10      0    0000ffea    00000002     
                  0000ffea    00000002     board.obj (.int05)

USCIAB0TX 
*          0    0000ffec    00000002     
                  0000ffec    00000002     rts430_eabi.lib : int06.asm.obj (.int06)

USCIAB0RX 
*          0    0000ffee    00000002     
                  0000ffee    00000002     board.obj (.int07)

TIMERA1    0    0000fff0    00000002     
                  0000fff0    00000002     rts430_eabi.lib : int08.asm.obj (.int08)

TIMERA0    0    0000fff2    00000002     
                  0000fff2    00000002     board.obj (.int09)

WDT        0    0000fff4    00000002     
                  0000fff4    00000002     rts430_eabi.lib : int10.asm.obj (.int10)

TIMERB1    0    0000fff8    00000002     
                  0000fff8    00000002     rts430_eabi.lib : int12.asm.obj (.int12)

TIMERB0    0    0000fffa    00000002     
                  0000fffa    00000002     rts430_eabi.lib : int13.asm.obj (.int13)

NMI        0    0000fffc    00000002     
                  0000fffc    00000002     rts430_eabi.lib : int14.asm.obj (.int14)

.reset     0    0000fffe    00000002     
                  0000fffe    00000002     rts430_eabi.lib : boot.c.obj (.reset)

$fill000   0    0000ffde    00000002     
                  0000ffde    00000002     --HOLE-- [fill = ffff]

MODULE SUMMARY

       Module                 code   ro data   rw data
       ------                 ----   -------   -------
    .\
       main.obj               258    28        38     
    +--+----------------------+------+---------+---------+
       Total:                 258    28        38     
                                                      
    .\Communication\
       cc2500.obj             872    0         1      
       uart.obj               466    32        0      
    +--+----------------------+------+---------+---------+
       Total:                 1338   32        1      
                                                      
    .\utils\
       board.obj              478    10        0      
    +--+----------------------+------+---------+---------+
       Total:                 478    10        0      
                                                      
    C:\ti\ccs1200\ccs\tools\compiler\ti-cgt-msp430_21.6.1.LTS\lib\rts430_eabi.lib
       div32u.asm.obj         88     0         0      
       lsr16.asm.obj          76     0         0      
       autoinit.c.obj         66     0         0      
       div32s.asm.obj         64     0         0      
       lsl16.asm.obj          44     0         0      
       boot.c.obj             28     2         0      
       copy_zero_init.c.obj   20     0         0      
       mult16.asm.obj         20     0         0      
       memcpy.c.obj           18     0         0      
       epilog.asm.obj         16     0         0      
       isr_trap.asm.obj       8      0         0      
       exit.c.obj             6      0         0      
       pre_init.c.obj         4      0         0      
       int06.asm.obj          0      2         0      
       int08.asm.obj          0      2         0      
       int10.asm.obj          0      2         0      
       int12.asm.obj          0      2         0      
       int13.asm.obj          0      2         0      
       int14.asm.obj          0      2         0      
       startup.c.obj          2      0         0      
    +--+----------------------+------+---------+---------+
       Total:                 460    14        0      
                                                      
       Stack:                 0      0         80     
       Linker Generated:      0      10        0      
    +--+----------------------+------+---------+---------+
       Grand Total:           2534   94        119    


LINKER GENERATED COPY TABLES

__TI_cinit_table @ 00008a28 records: 1, size/record: 4, table size: 4
	.bss: load addr=00008a22, load size=00000004 bytes, run addr=00000200, run size=00000027 bytes, compression=zero_init


LINKER GENERATED HANDLER TABLE

__TI_handler_table @ 00008a26 records: 1, size/record: 2, table size: 2
	index: 0, handler: __TI_zero_init


GLOBAL SYMBOLS: SORTED ALPHABETICALLY BY Name 

address   name                          
-------   ----                          
0000004a  ADC10AE0                      
0000004b  ADC10AE1                      
000001b0  ADC10CTL0                     
000001b2  ADC10CTL1                     
00000048  ADC10DTC0                     
00000049  ADC10DTC1                     
000001b4  ADC10MEM                      
000001bc  ADC10SA                       
00008856  ADC_Done                      
00000057  BCSCTL1                       
00000058  BCSCTL2                       
00000053  BCSCTL3                       
000089da  C$$EXIT                       
000010fb  CALBC1_12MHZ                  
000010f9  CALBC1_16MHZ                  
000010ff  CALBC1_1MHZ                   
000010fd  CALBC1_8MHZ                   
000010fa  CALDCO_12MHZ                  
000010f8  CALDCO_16MHZ                  
000010fe  CALDCO_1MHZ                   
000010fc  CALDCO_8MHZ                   
000086a2  CC_AddData                    
000084d2  CC_ReadMessage                
0000871a  CC_ReadReg                    
00008466  CC_SendMessage                
000085de  CC_SetAddress                 
0000878e  CC_SetChannel                 
00008306  CC_SetWaitState               
00008880  CC_Strobe                     
0000828c  CC_WriteReg                   
00000056  DCOCTL                        
00000128  FCTL1                         
0000012a  FCTL2                         
0000012c  FCTL3                         
00000000  IE1                           
00000001  IE2                           
00000002  IFG1                          
00000003  IFG2                          
00008102  IToA                          
000000c0  OA0CTL0                       
000000c1  OA0CTL1                       
000000c2  OA1CTL0                       
000000c3  OA1CTL1                       
00000022  P1DIR                         
00000025  P1IE                          
00000024  P1IES                         
00000023  P1IFG                         
00000020  P1IN                          
00000021  P1OUT                         
00000027  P1REN                         
00000026  P1SEL                         
0000002a  P2DIR                         
0000002d  P2IE                          
0000002c  P2IES                         
0000002b  P2IFG                         
00000028  P2IN                          
00000029  P2OUT                         
0000002f  P2REN                         
0000002e  P2SEL                         
0000001a  P3DIR                         
00000018  P3IN                          
00000019  P3OUT                         
00000010  P3REN                         
0000001b  P3SEL                         
0000001e  P4DIR                         
0000001c  P4IN                          
0000001d  P4OUT                         
00000011  P4REN                         
0000001f  P4SEL                         
00008954  Port1_ISR                     
000088aa  Port_2_ISR                    
000088d4  SPI_Init                      
000089a4  SPI_Read                      
0000893c  SPI_Send                      
000088fe  SerialWrite                   
00008754  SerialWriteln                 
00000222  Status                        
00000172  TACCR0                        
00000174  TACCR1                        
00000176  TACCR2                        
00000162  TACCTL0                       
00000164  TACCTL1                       
00000166  TACCTL2                       
00000160  TACTL                         
0000012e  TAIV                          
00000170  TAR                           
00000192  TBCCR0                        
00000194  TBCCR1                        
00000196  TBCCR2                        
00000182  TBCCTL0                       
00000184  TBCCTL1                       
00000186  TBCCTL2                       
00000180  TBCTL                         
0000011e  TBIV                          
00000190  TBR                           
000089c4  TIMERA0                       
0000837c  UART_Init                     
000083f2  UART_Rx                       
00000212  UART_RxBuf                    
00000200  UART_TxBuf                    
0000005d  UCA0ABCTL                     
00000062  UCA0BR0                       
00000063  UCA0BR1                       
00000060  UCA0CTL0                      
00000061  UCA0CTL1                      
0000005f  UCA0IRRCTL                    
0000005e  UCA0IRTCTL                    
00000064  UCA0MCTL                      
00000066  UCA0RXBUF                     
00000065  UCA0STAT                      
00000067  UCA0TXBUF                     
0000006a  UCB0BR0                       
0000006b  UCB0BR1                       
00000068  UCB0CTL0                      
00000069  UCB0CTL1                      
0000006c  UCB0I2CIE                     
00000118  UCB0I2COA                     
0000011a  UCB0I2CSA                     
0000006e  UCB0RXBUF                     
0000006d  UCB0STAT                      
0000006f  UCB0TXBUF                     
00000120  WDTCTL                        
00008202  _CC_FifoAccess                
00000600  __STACK_END                   
00000050  __STACK_SIZE                  
00008a28  __TI_CINIT_Base               
00008a2c  __TI_CINIT_Limit              
00008a2c  __TI_CINIT_Warm               
00008a26  __TI_Handler_Table_Base       
00008a28  __TI_Handler_Table_Limit      
000089d2  __TI_ISR_TRAP                 
00008620  __TI_auto_init_nobinit_nopinit
0000ffe4  __TI_int02                    
0000ffe6  __TI_int03                    
0000ffea  __TI_int05                    
0000ffec  __TI_int06                    
0000ffee  __TI_int07                    
0000fff0  __TI_int08                    
0000fff2  __TI_int09                    
0000fff4  __TI_int10                    
0000fff8  __TI_int12                    
0000fffa  __TI_int13                    
0000fffc  __TI_int14                    
ffffffff  __TI_pprof_out_hndl           
ffffffff  __TI_prof_data_size           
ffffffff  __TI_prof_data_start          
0000896a  __TI_zero_init_nomemset       
ffffffff  __c_args__                    
00008662  __mspabi_divli                
0000853a  __mspabi_divul                
000089c0  __mspabi_func_epilog_1        
000089be  __mspabi_func_epilog_2        
000089bc  __mspabi_func_epilog_3        
000089ba  __mspabi_func_epilog_4        
000089b8  __mspabi_func_epilog_5        
000089b6  __mspabi_func_epilog_6        
000089b4  __mspabi_func_epilog_7        
0000897e  __mspabi_mpyi                 
0000897e  __mspabi_mpyi_sw              
00008662  __mspabi_remli                
0000853a  __mspabi_remul                
0000882a  __mspabi_slli                 
00008852  __mspabi_slli_1               
00008840  __mspabi_slli_10              
0000883e  __mspabi_slli_11              
0000883c  __mspabi_slli_12              
0000883a  __mspabi_slli_13              
00008838  __mspabi_slli_14              
00008836  __mspabi_slli_15              
00008850  __mspabi_slli_2               
0000884e  __mspabi_slli_3               
0000884c  __mspabi_slli_4               
0000884a  __mspabi_slli_5               
00008848  __mspabi_slli_6               
00008846  __mspabi_slli_7               
00008844  __mspabi_slli_8               
00008842  __mspabi_slli_9               
00008592  __mspabi_srli                 
000085d8  __mspabi_srli_1               
000085b4  __mspabi_srli_10              
000085b0  __mspabi_srli_11              
000085ac  __mspabi_srli_12              
000085a8  __mspabi_srli_13              
000085a4  __mspabi_srli_14              
000085a0  __mspabi_srli_15              
000085d4  __mspabi_srli_2               
000085d0  __mspabi_srli_3               
000085cc  __mspabi_srli_4               
000085c8  __mspabi_srli_5               
000085c4  __mspabi_srli_6               
000085c0  __mspabi_srli_7               
000085bc  __mspabi_srli_8               
000085b8  __mspabi_srli_9               
00008920  _c_int00_noargs               
00000226  _cc2500_status                
0000fffe  _reset_vector                 
000005b0  _stack                        
000089e4  _system_post_cinit            
000089e0  _system_pre_init              
000089da  abort                         
00000224  adcStatus                     
000086de  board_init                    
000087c6  delay_ms                      
000087fa  delay_us                      
00008000  main                          
00008992  memcpy                        


GLOBAL SYMBOLS: SORTED BY Symbol Address 

address   name                          
-------   ----                          
00000000  IE1                           
00000001  IE2                           
00000002  IFG1                          
00000003  IFG2                          
00000010  P3REN                         
00000011  P4REN                         
00000018  P3IN                          
00000019  P3OUT                         
0000001a  P3DIR                         
0000001b  P3SEL                         
0000001c  P4IN                          
0000001d  P4OUT                         
0000001e  P4DIR                         
0000001f  P4SEL                         
00000020  P1IN                          
00000021  P1OUT                         
00000022  P1DIR                         
00000023  P1IFG                         
00000024  P1IES                         
00000025  P1IE                          
00000026  P1SEL                         
00000027  P1REN                         
00000028  P2IN                          
00000029  P2OUT                         
0000002a  P2DIR                         
0000002b  P2IFG                         
0000002c  P2IES                         
0000002d  P2IE                          
0000002e  P2SEL                         
0000002f  P2REN                         
00000048  ADC10DTC0                     
00000049  ADC10DTC1                     
0000004a  ADC10AE0                      
0000004b  ADC10AE1                      
00000050  __STACK_SIZE                  
00000053  BCSCTL3                       
00000056  DCOCTL                        
00000057  BCSCTL1                       
00000058  BCSCTL2                       
0000005d  UCA0ABCTL                     
0000005e  UCA0IRTCTL                    
0000005f  UCA0IRRCTL                    
00000060  UCA0CTL0                      
00000061  UCA0CTL1                      
00000062  UCA0BR0                       
00000063  UCA0BR1                       
00000064  UCA0MCTL                      
00000065  UCA0STAT                      
00000066  UCA0RXBUF                     
00000067  UCA0TXBUF                     
00000068  UCB0CTL0                      
00000069  UCB0CTL1                      
0000006a  UCB0BR0                       
0000006b  UCB0BR1                       
0000006c  UCB0I2CIE                     
0000006d  UCB0STAT                      
0000006e  UCB0RXBUF                     
0000006f  UCB0TXBUF                     
000000c0  OA0CTL0                       
000000c1  OA0CTL1                       
000000c2  OA1CTL0                       
000000c3  OA1CTL1                       
00000118  UCB0I2COA                     
0000011a  UCB0I2CSA                     
0000011e  TBIV                          
00000120  WDTCTL                        
00000128  FCTL1                         
0000012a  FCTL2                         
0000012c  FCTL3                         
0000012e  TAIV                          
00000160  TACTL                         
00000162  TACCTL0                       
00000164  TACCTL1                       
00000166  TACCTL2                       
00000170  TAR                           
00000172  TACCR0                        
00000174  TACCR1                        
00000176  TACCR2                        
00000180  TBCTL                         
00000182  TBCCTL0                       
00000184  TBCCTL1                       
00000186  TBCCTL2                       
00000190  TBR                           
00000192  TBCCR0                        
00000194  TBCCR1                        
00000196  TBCCR2                        
000001b0  ADC10CTL0                     
000001b2  ADC10CTL1                     
000001b4  ADC10MEM                      
000001bc  ADC10SA                       
00000200  UART_TxBuf                    
00000212  UART_RxBuf                    
00000222  Status                        
00000224  adcStatus                     
00000226  _cc2500_status                
000005b0  _stack                        
00000600  __STACK_END                   
000010f8  CALDCO_16MHZ                  
000010f9  CALBC1_16MHZ                  
000010fa  CALDCO_12MHZ                  
000010fb  CALBC1_12MHZ                  
000010fc  CALDCO_8MHZ                   
000010fd  CALBC1_8MHZ                   
000010fe  CALDCO_1MHZ                   
000010ff  CALBC1_1MHZ                   
00008000  main                          
00008102  IToA                          
00008202  _CC_FifoAccess                
0000828c  CC_WriteReg                   
00008306  CC_SetWaitState               
0000837c  UART_Init                     
000083f2  UART_Rx                       
00008466  CC_SendMessage                
000084d2  CC_ReadMessage                
0000853a  __mspabi_divul                
0000853a  __mspabi_remul                
00008592  __mspabi_srli                 
000085a0  __mspabi_srli_15              
000085a4  __mspabi_srli_14              
000085a8  __mspabi_srli_13              
000085ac  __mspabi_srli_12              
000085b0  __mspabi_srli_11              
000085b4  __mspabi_srli_10              
000085b8  __mspabi_srli_9               
000085bc  __mspabi_srli_8               
000085c0  __mspabi_srli_7               
000085c4  __mspabi_srli_6               
000085c8  __mspabi_srli_5               
000085cc  __mspabi_srli_4               
000085d0  __mspabi_srli_3               
000085d4  __mspabi_srli_2               
000085d8  __mspabi_srli_1               
000085de  CC_SetAddress                 
00008620  __TI_auto_init_nobinit_nopinit
00008662  __mspabi_divli                
00008662  __mspabi_remli                
000086a2  CC_AddData                    
000086de  board_init                    
0000871a  CC_ReadReg                    
00008754  SerialWriteln                 
0000878e  CC_SetChannel                 
000087c6  delay_ms                      
000087fa  delay_us                      
0000882a  __mspabi_slli                 
00008836  __mspabi_slli_15              
00008838  __mspabi_slli_14              
0000883a  __mspabi_slli_13              
0000883c  __mspabi_slli_12              
0000883e  __mspabi_slli_11              
00008840  __mspabi_slli_10              
00008842  __mspabi_slli_9               
00008844  __mspabi_slli_8               
00008846  __mspabi_slli_7               
00008848  __mspabi_slli_6               
0000884a  __mspabi_slli_5               
0000884c  __mspabi_slli_4               
0000884e  __mspabi_slli_3               
00008850  __mspabi_slli_2               
00008852  __mspabi_slli_1               
00008856  ADC_Done                      
00008880  CC_Strobe                     
000088aa  Port_2_ISR                    
000088d4  SPI_Init                      
000088fe  SerialWrite                   
00008920  _c_int00_noargs               
0000893c  SPI_Send                      
00008954  Port1_ISR                     
0000896a  __TI_zero_init_nomemset       
0000897e  __mspabi_mpyi                 
0000897e  __mspabi_mpyi_sw              
00008992  memcpy                        
000089a4  SPI_Read                      
000089b4  __mspabi_func_epilog_7        
000089b6  __mspabi_func_epilog_6        
000089b8  __mspabi_func_epilog_5        
000089ba  __mspabi_func_epilog_4        
000089bc  __mspabi_func_epilog_3        
000089be  __mspabi_func_epilog_2        
000089c0  __mspabi_func_epilog_1        
000089c4  TIMERA0                       
000089d2  __TI_ISR_TRAP                 
000089da  C$$EXIT                       
000089da  abort                         
000089e0  _system_pre_init              
000089e4  _system_post_cinit            
00008a26  __TI_Handler_Table_Base       
00008a28  __TI_CINIT_Base               
00008a28  __TI_Handler_Table_Limit      
00008a2c  __TI_CINIT_Limit              
00008a2c  __TI_CINIT_Warm               
0000ffe4  __TI_int02                    
0000ffe6  __TI_int03                    
0000ffea  __TI_int05                    
0000ffec  __TI_int06                    
0000ffee  __TI_int07                    
0000fff0  __TI_int08                    
0000fff2  __TI_int09                    
0000fff4  __TI_int10                    
0000fff8  __TI_int12                    
0000fffa  __TI_int13                    
0000fffc  __TI_int14                    
0000fffe  _reset_vector                 
ffffffff  __TI_pprof_out_hndl           
ffffffff  __TI_prof_data_size           
ffffffff  __TI_prof_data_start          
ffffffff  __c_args__                    

[206 symbols]
