******************************************************************************
                  MSP430 Linker PC v21.6.1                     
******************************************************************************
>> Linked Thu Jan 16 10:13:36 2025

OUTPUT FILE NAME:   <LIT_exam2024.out>
ENTRY POINT SYMBOL: "_c_int00_noargs"  address: 0000ae82


MEMORY CONFIGURATION

         name            origin    length      used     unused   attr    fill
----------------------  --------  ---------  --------  --------  ----  --------
  SFR                   00000000   00000010  00000000  00000010  RWIX
  PERIPHERALS_8BIT      00000010   000000f0  00000000  000000f0  RWIX
  PERIPHERALS_16BIT     00000100   00000100  00000000  00000100  RWIX
  RAM                   00000200   00000400  0000007c  00000384  RWIX
  INFOD                 00001000   00000040  00000000  00000040  RWIX
  INFOC                 00001040   00000040  00000000  00000040  RWIX
  INFOB                 00001080   00000040  00000000  00000040  RWIX
  INFOA                 000010c0   00000040  00000000  00000040  RWIX
  FLASH                 00008000   00007fde  00002fc8  00005016  RWIX
  BSLSIGNATURE          0000ffde   00000002  00000002  00000000  RWIX  ffff 
  INT00                 0000ffe0   00000002  00000000  00000002  RWIX
  INT01                 0000ffe2   00000002  00000000  00000002  RWIX
  INT02                 0000ffe4   00000002  00000002  00000000  RWIX
  INT03                 0000ffe6   00000002  00000002  00000000  RWIX
  INT04                 0000ffe8   00000002  00000000  00000002  RWIX
  INT05                 0000ffea   00000002  00000002  00000000  RWIX
  INT06                 0000ffec   00000002  00000002  00000000  RWIX
  INT07                 0000ffee   00000002  00000002  00000000  RWIX
  INT08                 0000fff0   00000002  00000002  00000000  RWIX
  INT09                 0000fff2   00000002  00000002  00000000  RWIX
  INT10                 0000fff4   00000002  00000002  00000000  RWIX
  INT11                 0000fff6   00000002  00000000  00000002  RWIX
  INT12                 0000fff8   00000002  00000002  00000000  RWIX
  INT13                 0000fffa   00000002  00000002  00000000  RWIX
  INT14                 0000fffc   00000002  00000002  00000000  RWIX
  RESET                 0000fffe   00000002  00000002  00000000  RWIX


SECTION ALLOCATION MAP

 output                                  attributes/
section   page    origin      length       input sections
--------  ----  ----------  ----------   ----------------
.bss       0    00000200    0000002a     UNINITIALIZED
                  00000200    00000012     (.common:UART_TxBuf)
                  00000212    00000010     (.common:UART_RxBuf)
                  00000222    00000004     (.common:Sensor)
                  00000226    00000002     (.common:Status)
                  00000228    00000002     (.common:adcStatus)

.data      0    0000022a    00000002     UNINITIALIZED
                  0000022a    00000002     rts430_eabi.lib : errno.c.obj (.data)

.stack     0    000005b0    00000050     UNINITIALIZED
                  000005b0    00000002     rts430_eabi.lib : boot.c.obj (.stack)
                  000005b2    0000004e     --HOLE--

.text      0    00008000    00002f52     
                  00008000    00000736     rts430_eabi.lib : addd.c.obj (.text:__mspabi_addd)
                  00008736    0000063c                     : e_log.c.obj (.text:log)
                  00008d72    00000478                     : frcdivd.c.obj (.text:__TI_frcdivd)
                  000091ea    000002c0                     : mpyd.c.obj (.text:__mspabi_mpyd)
                  000094aa    0000023a     uart.obj (.text:FToA)
                  000096e4    00000232     rts430_eabi.lib : divd.c.obj (.text:__mspabi_divd)
                  00009916    000001c0     adc.obj (.text:ADC_SetSHTime)
                  00009ad6    00000188     adc.obj (.text:convert_RtoTemp)
                  00009c5e    00000172     rts430_eabi.lib : frcmpyd.c.obj (.text:__TI_frcmpyd)
                  00009dd0    0000016c     main.obj (.text:main)
                  00009f3c    00000132     rts430_eabi.lib : fs_add.asm.obj (.text)
                  0000a06e    00000114                     : mult64.asm.obj (.text:__mpyll)
                  0000a182    000000dc     adc.obj (.text:ADC_GetInternalTemp)
                  0000a25e    000000dc     rts430_eabi.lib : cmpd.c.obj (.text:__mspabi_cmpd)
                  0000a33a    000000c4                     : fs_mpy.asm.obj (.text)
                  0000a3fe    000000b4                     : cvtdf.c.obj (.text:__mspabi_cvtdf)
                  0000a4b2    000000ac                     : fltlid.c.obj (.text:__mspabi_fltlid)
                  0000a55e    0000009e     adc.obj (.text:ADC_SetChannel)
                  0000a5fc    0000009c     rts430_eabi.lib : fs_div.asm.obj (.text)
                  0000a698    0000008a                     : fltuld.c.obj (.text:__mspabi_fltuld)
                  0000a722    0000007c     adc.obj (.text:ADC_GetR2)
                  0000a79e    0000007c     rts430_eabi.lib : copy_decompress_lzss.c.obj (.text:decompress:lzss:__TI_decompress_lzss)
                  0000a81a    00000076     uart.obj (.text:UART_Init)
                  0000a890    00000074     board.obj (.text:UART_Rx)
                  0000a904    00000072     rts430_eabi.lib : fixdli.c.obj (.text:__mspabi_fixdli)
                  0000a976    00000070                     : cvtfd.c.obj (.text:__mspabi_cvtfd)
                  0000a9e6    0000005c                     : lsr32.asm.obj (.text:l_lsr_const)
                  0000aa42    0000004c                     : lsr16.asm.obj (.text)
                  0000aa8e    0000004a                     : asr64.c.obj (.text:__mspabi_srall)
                  0000aad8    00000046                     : lsr64.c.obj (.text:__mspabi_srlll)
                  0000ab1e    00000044                     : lsl64.c.obj (.text:__mspabi_sllll)
                  0000ab62    00000042                     : autoinit.c.obj (.text:__TI_auto_init_nobinit_nopinit:__TI_auto_init_nobinit_nopinit)
                  0000aba4    0000003e                     : asr32.asm.obj (.text:l_asr_const)
                  0000abe2    0000003e                     : lsl32.asm.obj (.text:l_lsl_const)
                  0000ac20    0000003c     board.obj (.text:board_init)
                  0000ac5c    00000036     rts430_eabi.lib : fs_itof.asm.obj (.text)
                  0000ac92    0000002e                     : subd.c.obj (.text:__mspabi_subd)
                  0000acc0    0000002c                     : asr16.asm.obj (.text)
                  0000acec    0000002c                     : lsl16.asm.obj (.text)
                  0000ad18    0000002a     board.obj (.text:ADC_Done)
                  0000ad42    0000002a     board.obj (.text:Port_2_ISR)
                  0000ad6c    00000028     rts430_eabi.lib : fixdi.c.obj (.text:__mspabi_fixdi)
                  0000ad94    00000026                     : mult32.asm.obj (.text)
                  0000adba    00000024                     : fs_utof.asm.obj (.text)
                  0000adde    00000022     adc.obj (.text:ADC_getVal)
                  0000ae00    00000022     uart.obj (.text:SerialWrite)
                  0000ae22    00000022     rts430_eabi.lib : mult1632.asm.obj (.text:__mpyul)
                  0000ae44    00000020     adc.obj (.text:ADC_init)
                  0000ae64    0000001e     rts430_eabi.lib : mult3264.asm.obj (.text:__mpyull)
                  0000ae82    0000001c                     : boot.c.obj (.text:_c_int00_noargs)
                  0000ae9e    00000016     board.obj (.text:Port1_ISR)
                  0000aeb4    00000014     rts430_eabi.lib : copy_zero_init.c.obj (.text:decompress:ZI:__TI_zero_init_nomemset:__TI_zero_init_nomemset)
                  0000aec8    00000014                     : mult16.asm.obj (.text)
                  0000aedc    00000012                     : copy_decompress_none.c.obj (.text:decompress:none:__TI_decompress_none)
                  0000aeee    00000012                     : lsr32.asm.obj (.text:l_lsr)
                  0000af00    00000012                     : memcpy.c.obj (.text:memcpy)
                  0000af12    00000010                     : epilog.asm.obj (.text)
                  0000af22    0000000e     board.obj (.text:TIMERA0)
                  0000af30    00000008     rts430_eabi.lib : isr_trap.asm.obj (.text:_isr:__TI_ISR_TRAP)
                  0000af38    00000008     board.obj (.text:wait)
                  0000af40    00000006     rts430_eabi.lib : fltud.c.obj (.text:__mspabi_fltud)
                  0000af46    00000006                     : exit.c.obj (.text:abort)
                  0000af4c    00000004                     : pre_init.c.obj (.text:_system_pre_init)
                  0000af50    00000002                     : startup.c.obj (.text:_system_post_cinit)

.const     0    0000af52    0000005e     
                  0000af52    0000003e     main.obj (.const:.string)
                  0000af90    00000020     uart.obj (.const:.string)

.cinit     0    0000afb0    00000018     
                  0000afb0    00000006     (.cinit..data.load) [load image]
                  0000afb6    00000006     (__TI_handler_table)
                  0000afbc    00000004     (.cinit..bss.load) [load image, compression = zero_init]
                  0000afc0    00000008     (__TI_cinit_table)

.binit     0    00008000    00000000     

.init_array 
*          0    00008000    00000000     UNINITIALIZED

PORT1      0    0000ffe4    00000002     
                  0000ffe4    00000002     board.obj (.int02)

PORT2      0    0000ffe6    00000002     
                  0000ffe6    00000002     board.obj (.int03)

ADC10      0    0000ffea    00000002     
                  0000ffea    00000002     board.obj (.int05)

USCIAB0TX 
*          0    0000ffec    00000002     
                  0000ffec    00000002     rts430_eabi.lib : int06.asm.obj (.int06)

USCIAB0RX 
*          0    0000ffee    00000002     
                  0000ffee    00000002     board.obj (.int07)

TIMERA1    0    0000fff0    00000002     
                  0000fff0    00000002     rts430_eabi.lib : int08.asm.obj (.int08)

TIMERA0    0    0000fff2    00000002     
                  0000fff2    00000002     board.obj (.int09)

WDT        0    0000fff4    00000002     
                  0000fff4    00000002     rts430_eabi.lib : int10.asm.obj (.int10)

TIMERB1    0    0000fff8    00000002     
                  0000fff8    00000002     rts430_eabi.lib : int12.asm.obj (.int12)

TIMERB0    0    0000fffa    00000002     
                  0000fffa    00000002     rts430_eabi.lib : int13.asm.obj (.int13)

NMI        0    0000fffc    00000002     
                  0000fffc    00000002     rts430_eabi.lib : int14.asm.obj (.int14)

.reset     0    0000fffe    00000002     
                  0000fffe    00000002     rts430_eabi.lib : boot.c.obj (.reset)

$fill000   0    0000ffde    00000002     
                  0000ffde    00000002     --HOLE-- [fill = ffff]

MODULE SUMMARY

       Module                       code    ro data   rw data
       ------                       ----    -------   -------
    .\
       main.obj                     364     62        42     
    +--+----------------------------+-------+---------+---------+
       Total:                       364     62        42     
                                                             
    .\Communication\
       uart.obj                     722     32        0      
    +--+----------------------------+-------+---------+---------+
       Total:                       722     32        0      
                                                             
    .\utils\
       adc.obj                      1408    0         0      
       board.obj                    304     10        0      
    +--+----------------------------+-------+---------+---------+
       Total:                       1712    10        0      
                                                             
    C:\TI\ccs1260\ccs\tools\compiler\ti-cgt-msp430_21.6.1.LTS\lib\rts430_eabi.lib
       addd.c.obj                   1846    0         0      
       e_log.c.obj                  1596    0         0      
       frcdivd.c.obj                1144    0         0      
       mpyd.c.obj                   704     0         0      
       divd.c.obj                   562     0         0      
       frcmpyd.c.obj                370     0         0      
       fs_add.asm.obj               306     0         0      
       mult64.asm.obj               276     0         0      
       cmpd.c.obj                   220     0         0      
       fs_mpy.asm.obj               196     0         0      
       cvtdf.c.obj                  180     0         0      
       fltlid.c.obj                 172     0         0      
       fs_div.asm.obj               156     0         0      
       fltuld.c.obj                 138     0         0      
       copy_decompress_lzss.c.obj   124     0         0      
       fixdli.c.obj                 114     0         0      
       cvtfd.c.obj                  112     0         0      
       lsr32.asm.obj                110     0         0      
       lsr16.asm.obj                76      0         0      
       asr64.c.obj                  74      0         0      
       lsr64.c.obj                  70      0         0      
       lsl64.c.obj                  68      0         0      
       autoinit.c.obj               66      0         0      
       asr32.asm.obj                62      0         0      
       lsl32.asm.obj                62      0         0      
       fs_itof.asm.obj              54      0         0      
       subd.c.obj                   46      0         0      
       asr16.asm.obj                44      0         0      
       lsl16.asm.obj                44      0         0      
       fixdi.c.obj                  40      0         0      
       mult32.asm.obj               38      0         0      
       fs_utof.asm.obj              36      0         0      
       mult1632.asm.obj             34      0         0      
       boot.c.obj                   28      2         0      
       mult3264.asm.obj             30      0         0      
       copy_zero_init.c.obj         20      0         0      
       mult16.asm.obj               20      0         0      
       copy_decompress_none.c.obj   18      0         0      
       memcpy.c.obj                 18      0         0      
       epilog.asm.obj               16      0         0      
       isr_trap.asm.obj             8       0         0      
       exit.c.obj                   6       0         0      
       fltud.c.obj                  6       0         0      
       pre_init.c.obj               4       0         0      
       errno.c.obj                  0       0         2      
       int06.asm.obj                0       2         0      
       int08.asm.obj                0       2         0      
       int10.asm.obj                0       2         0      
       int12.asm.obj                0       2         0      
       int13.asm.obj                0       2         0      
       int14.asm.obj                0       2         0      
       startup.c.obj                2       0         0      
    +--+----------------------------+-------+---------+---------+
       Total:                       9316    14        2      
                                                             
       Stack:                       0       0         80     
       Linker Generated:            0       24        0      
    +--+----------------------------+-------+---------+---------+
       Grand Total:                 12114   142       124    


LINKER GENERATED COPY TABLES

__TI_cinit_table @ 0000afc0 records: 2, size/record: 4, table size: 8
	.data: load addr=0000afb0, load size=00000006 bytes, run addr=0000022a, run size=00000002 bytes, compression=copy
	.bss: load addr=0000afbc, load size=00000004 bytes, run addr=00000200, run size=0000002a bytes, compression=zero_init


LINKER GENERATED HANDLER TABLE

__TI_handler_table @ 0000afb6 records: 3, size/record: 2, table size: 6
	index: 0, handler: __TI_zero_init
	index: 1, handler: __TI_decompress_lzss
	index: 2, handler: __TI_decompress_none


GLOBAL SYMBOLS: SORTED ALPHABETICALLY BY Name 

address   name                          
-------   ----                          
0000004a  ADC10AE0                      
0000004b  ADC10AE1                      
000001b0  ADC10CTL0                     
000001b2  ADC10CTL1                     
00000048  ADC10DTC0                     
00000049  ADC10DTC1                     
000001b4  ADC10MEM                      
000001bc  ADC10SA                       
0000ad18  ADC_Done                      
0000a182  ADC_GetInternalTemp           
0000a722  ADC_GetR2                     
0000a55e  ADC_SetChannel                
00009916  ADC_SetSHTime                 
0000adde  ADC_getVal                    
0000ae44  ADC_init                      
00000057  BCSCTL1                       
00000058  BCSCTL2                       
00000053  BCSCTL3                       
0000af46  C$$EXIT                       
000010fb  CALBC1_12MHZ                  
000010f9  CALBC1_16MHZ                  
000010ff  CALBC1_1MHZ                   
000010fd  CALBC1_8MHZ                   
000010fa  CALDCO_12MHZ                  
000010f8  CALDCO_16MHZ                  
000010fe  CALDCO_1MHZ                   
000010fc  CALDCO_8MHZ                   
00000056  DCOCTL                        
00000128  FCTL1                         
0000012a  FCTL2                         
0000012c  FCTL3                         
000094aa  FToA                          
00000000  IE1                           
00000001  IE2                           
00000002  IFG1                          
00000003  IFG2                          
000000c0  OA0CTL0                       
000000c1  OA0CTL1                       
000000c2  OA1CTL0                       
000000c3  OA1CTL1                       
00000022  P1DIR                         
00000025  P1IE                          
00000024  P1IES                         
00000023  P1IFG                         
00000020  P1IN                          
00000021  P1OUT                         
00000027  P1REN                         
00000026  P1SEL                         
0000002a  P2DIR                         
0000002d  P2IE                          
0000002c  P2IES                         
0000002b  P2IFG                         
00000028  P2IN                          
00000029  P2OUT                         
0000002f  P2REN                         
0000002e  P2SEL                         
0000001a  P3DIR                         
00000018  P3IN                          
00000019  P3OUT                         
00000010  P3REN                         
0000001b  P3SEL                         
0000001e  P4DIR                         
0000001c  P4IN                          
0000001d  P4OUT                         
00000011  P4REN                         
0000001f  P4SEL                         
0000ae9e  Port1_ISR                     
0000ad42  Port_2_ISR                    
00000222  Sensor                        
0000ae00  SerialWrite                   
00000226  Status                        
00000172  TACCR0                        
00000174  TACCR1                        
00000176  TACCR2                        
00000162  TACCTL0                       
00000164  TACCTL1                       
00000166  TACCTL2                       
00000160  TACTL                         
0000012e  TAIV                          
00000170  TAR                           
00000192  TBCCR0                        
00000194  TBCCR1                        
00000196  TBCCR2                        
00000182  TBCCTL0                       
00000184  TBCCTL1                       
00000186  TBCCTL2                       
00000180  TBCTL                         
0000011e  TBIV                          
00000190  TBR                           
0000af22  TIMERA0                       
0000a81a  UART_Init                     
0000a890  UART_Rx                       
00000212  UART_RxBuf                    
00000200  UART_TxBuf                    
0000005d  UCA0ABCTL                     
00000062  UCA0BR0                       
00000063  UCA0BR1                       
00000060  UCA0CTL0                      
00000061  UCA0CTL1                      
0000005f  UCA0IRRCTL                    
0000005e  UCA0IRTCTL                    
00000064  UCA0MCTL                      
00000066  UCA0RXBUF                     
00000065  UCA0STAT                      
00000067  UCA0TXBUF                     
0000006a  UCB0BR0                       
0000006b  UCB0BR1                       
00000068  UCB0CTL0                      
00000069  UCB0CTL1                      
0000006c  UCB0I2CIE                     
00000118  UCB0I2COA                     
0000011a  UCB0I2CSA                     
0000006e  UCB0RXBUF                     
0000006d  UCB0STAT                      
0000006f  UCB0TXBUF                     
00000120  WDTCTL                        
00000600  __STACK_END                   
00000050  __STACK_SIZE                  
0000afc0  __TI_CINIT_Base               
0000afc8  __TI_CINIT_Limit              
0000afc8  __TI_CINIT_Warm               
0000afb6  __TI_Handler_Table_Base       
0000afbc  __TI_Handler_Table_Limit      
0000af30  __TI_ISR_TRAP                 
0000ab62  __TI_auto_init_nobinit_nopinit
0000a79e  __TI_decompress_lzss          
0000aedc  __TI_decompress_none          
00008d72  __TI_frcdivd                  
00009c5e  __TI_frcmpyd                  
0000ffe4  __TI_int02                    
0000ffe6  __TI_int03                    
0000ffea  __TI_int05                    
0000ffec  __TI_int06                    
0000ffee  __TI_int07                    
0000fff0  __TI_int08                    
0000fff2  __TI_int09                    
0000fff4  __TI_int10                    
0000fff8  __TI_int12                    
0000fffa  __TI_int13                    
0000fffc  __TI_int14                    
ffffffff  __TI_pprof_out_hndl           
ffffffff  __TI_prof_data_size           
ffffffff  __TI_prof_data_start          
0000aeb4  __TI_zero_init_nomemset       
ffffffff  __c_args__                    
00008000  __mspabi_addd                 
00009f42  __mspabi_addf                 
0000a25e  __mspabi_cmpd                 
0000a3fe  __mspabi_cvtdf                
0000a976  __mspabi_cvtfd                
000096e4  __mspabi_divd                 
0000a5fc  __mspabi_divf                 
0000ad6c  __mspabi_fixdi                
0000a904  __mspabi_fixdli               
0000ac5c  __mspabi_fltif                
0000a4b2  __mspabi_fltlid               
0000af40  __mspabi_fltud                
0000adba  __mspabi_fltuf                
0000a698  __mspabi_fltuld               
0000af1e  __mspabi_func_epilog_1        
0000af1c  __mspabi_func_epilog_2        
0000af1a  __mspabi_func_epilog_3        
0000af18  __mspabi_func_epilog_4        
0000af16  __mspabi_func_epilog_5        
0000af14  __mspabi_func_epilog_6        
0000af12  __mspabi_func_epilog_7        
000091ea  __mspabi_mpyd                 
0000a33a  __mspabi_mpyf                 
0000aec8  __mspabi_mpyi                 
0000aec8  __mspabi_mpyi_sw              
0000ad94  __mspabi_mpyl                 
0000ad94  __mspabi_mpyl_sw              
0000a06e  __mspabi_mpyll                
0000a06e  __mspabi_mpyll_sw             
0000ae22  __mspabi_mpyul                
0000ae22  __mspabi_mpyul_sw             
0000ae64  __mspabi_mpyull               
0000ae64  __mspabi_mpyull_sw            
0000acec  __mspabi_slli                 
0000ad14  __mspabi_slli_1               
0000ad02  __mspabi_slli_10              
0000ad00  __mspabi_slli_11              
0000acfe  __mspabi_slli_12              
0000acfc  __mspabi_slli_13              
0000acfa  __mspabi_slli_14              
0000acf8  __mspabi_slli_15              
0000ad12  __mspabi_slli_2               
0000ad10  __mspabi_slli_3               
0000ad0e  __mspabi_slli_4               
0000ad0c  __mspabi_slli_5               
0000ad0a  __mspabi_slli_6               
0000ad08  __mspabi_slli_7               
0000ad06  __mspabi_slli_8               
0000ad04  __mspabi_slli_9               
0000ac1a  __mspabi_slll_1               
0000abf6  __mspabi_slll_10              
0000abf2  __mspabi_slll_11              
0000abee  __mspabi_slll_12              
0000abea  __mspabi_slll_13              
0000abe6  __mspabi_slll_14              
0000abe2  __mspabi_slll_15              
0000ac16  __mspabi_slll_2               
0000ac12  __mspabi_slll_3               
0000ac0e  __mspabi_slll_4               
0000ac0a  __mspabi_slll_5               
0000ac06  __mspabi_slll_6               
0000ac02  __mspabi_slll_7               
0000abfe  __mspabi_slll_8               
0000abfa  __mspabi_slll_9               
0000ab1e  __mspabi_sllll                
0000acc0  __mspabi_srai                 
0000ace8  __mspabi_srai_1               
0000acd6  __mspabi_srai_10              
0000acd4  __mspabi_srai_11              
0000acd2  __mspabi_srai_12              
0000acd0  __mspabi_srai_13              
0000acce  __mspabi_srai_14              
0000accc  __mspabi_srai_15              
0000ace6  __mspabi_srai_2               
0000ace4  __mspabi_srai_3               
0000ace2  __mspabi_srai_4               
0000ace0  __mspabi_srai_5               
0000acde  __mspabi_srai_6               
0000acdc  __mspabi_srai_7               
0000acda  __mspabi_srai_8               
0000acd8  __mspabi_srai_9               
0000abdc  __mspabi_sral_1               
0000abb8  __mspabi_sral_10              
0000abb4  __mspabi_sral_11              
0000abb0  __mspabi_sral_12              
0000abac  __mspabi_sral_13              
0000aba8  __mspabi_sral_14              
0000aba4  __mspabi_sral_15              
0000abd8  __mspabi_sral_2               
0000abd4  __mspabi_sral_3               
0000abd0  __mspabi_sral_4               
0000abcc  __mspabi_sral_5               
0000abc8  __mspabi_sral_6               
0000abc4  __mspabi_sral_7               
0000abc0  __mspabi_sral_8               
0000abbc  __mspabi_sral_9               
0000aa8e  __mspabi_srall                
0000aa42  __mspabi_srli                 
0000aa88  __mspabi_srli_1               
0000aa64  __mspabi_srli_10              
0000aa60  __mspabi_srli_11              
0000aa5c  __mspabi_srli_12              
0000aa58  __mspabi_srli_13              
0000aa54  __mspabi_srli_14              
0000aa50  __mspabi_srli_15              
0000aa84  __mspabi_srli_2               
0000aa80  __mspabi_srli_3               
0000aa7c  __mspabi_srli_4               
0000aa78  __mspabi_srli_5               
0000aa74  __mspabi_srli_6               
0000aa70  __mspabi_srli_7               
0000aa6c  __mspabi_srli_8               
0000aa68  __mspabi_srli_9               
0000aeee  __mspabi_srll                 
0000aa3a  __mspabi_srll_1               
0000aa04  __mspabi_srll_10              
0000a9fe  __mspabi_srll_11              
0000a9f8  __mspabi_srll_12              
0000a9f2  __mspabi_srll_13              
0000a9ec  __mspabi_srll_14              
0000a9e6  __mspabi_srll_15              
0000aa34  __mspabi_srll_2               
0000aa2e  __mspabi_srll_3               
0000aa28  __mspabi_srll_4               
0000aa22  __mspabi_srll_5               
0000aa1c  __mspabi_srll_6               
0000aa16  __mspabi_srll_7               
0000aa10  __mspabi_srll_8               
0000aa0a  __mspabi_srll_9               
0000aad8  __mspabi_srlll                
0000ac92  __mspabi_subd                 
00009f3c  __mspabi_subf                 
0000ae82  _c_int00_noargs               
0000fffe  _reset_vector                 
000005b0  _stack                        
0000af50  _system_post_cinit            
0000af4c  _system_pre_init              
0000af46  abort                         
00000228  adcStatus                     
0000ac20  board_init                    
00009ad6  convert_RtoTemp               
0000022a  errno                         
00008736  log                           
00008736  logl                          
00009dd0  main                          
0000af00  memcpy                        
0000af38  wait                          


GLOBAL SYMBOLS: SORTED BY Symbol Address 

address   name                          
-------   ----                          
00000000  IE1                           
00000001  IE2                           
00000002  IFG1                          
00000003  IFG2                          
00000010  P3REN                         
00000011  P4REN                         
00000018  P3IN                          
00000019  P3OUT                         
0000001a  P3DIR                         
0000001b  P3SEL                         
0000001c  P4IN                          
0000001d  P4OUT                         
0000001e  P4DIR                         
0000001f  P4SEL                         
00000020  P1IN                          
00000021  P1OUT                         
00000022  P1DIR                         
00000023  P1IFG                         
00000024  P1IES                         
00000025  P1IE                          
00000026  P1SEL                         
00000027  P1REN                         
00000028  P2IN                          
00000029  P2OUT                         
0000002a  P2DIR                         
0000002b  P2IFG                         
0000002c  P2IES                         
0000002d  P2IE                          
0000002e  P2SEL                         
0000002f  P2REN                         
00000048  ADC10DTC0                     
00000049  ADC10DTC1                     
0000004a  ADC10AE0                      
0000004b  ADC10AE1                      
00000050  __STACK_SIZE                  
00000053  BCSCTL3                       
00000056  DCOCTL                        
00000057  BCSCTL1                       
00000058  BCSCTL2                       
0000005d  UCA0ABCTL                     
0000005e  UCA0IRTCTL                    
0000005f  UCA0IRRCTL                    
00000060  UCA0CTL0                      
00000061  UCA0CTL1                      
00000062  UCA0BR0                       
00000063  UCA0BR1                       
00000064  UCA0MCTL                      
00000065  UCA0STAT                      
00000066  UCA0RXBUF                     
00000067  UCA0TXBUF                     
00000068  UCB0CTL0                      
00000069  UCB0CTL1                      
0000006a  UCB0BR0                       
0000006b  UCB0BR1                       
0000006c  UCB0I2CIE                     
0000006d  UCB0STAT                      
0000006e  UCB0RXBUF                     
0000006f  UCB0TXBUF                     
000000c0  OA0CTL0                       
000000c1  OA0CTL1                       
000000c2  OA1CTL0                       
000000c3  OA1CTL1                       
00000118  UCB0I2COA                     
0000011a  UCB0I2CSA                     
0000011e  TBIV                          
00000120  WDTCTL                        
00000128  FCTL1                         
0000012a  FCTL2                         
0000012c  FCTL3                         
0000012e  TAIV                          
00000160  TACTL                         
00000162  TACCTL0                       
00000164  TACCTL1                       
00000166  TACCTL2                       
00000170  TAR                           
00000172  TACCR0                        
00000174  TACCR1                        
00000176  TACCR2                        
00000180  TBCTL                         
00000182  TBCCTL0                       
00000184  TBCCTL1                       
00000186  TBCCTL2                       
00000190  TBR                           
00000192  TBCCR0                        
00000194  TBCCR1                        
00000196  TBCCR2                        
000001b0  ADC10CTL0                     
000001b2  ADC10CTL1                     
000001b4  ADC10MEM                      
000001bc  ADC10SA                       
00000200  UART_TxBuf                    
00000212  UART_RxBuf                    
00000222  Sensor                        
00000226  Status                        
00000228  adcStatus                     
0000022a  errno                         
000005b0  _stack                        
00000600  __STACK_END                   
000010f8  CALDCO_16MHZ                  
000010f9  CALBC1_16MHZ                  
000010fa  CALDCO_12MHZ                  
000010fb  CALBC1_12MHZ                  
000010fc  CALDCO_8MHZ                   
000010fd  CALBC1_8MHZ                   
000010fe  CALDCO_1MHZ                   
000010ff  CALBC1_1MHZ                   
00008000  __mspabi_addd                 
00008736  log                           
00008736  logl                          
00008d72  __TI_frcdivd                  
000091ea  __mspabi_mpyd                 
000094aa  FToA                          
000096e4  __mspabi_divd                 
00009916  ADC_SetSHTime                 
00009ad6  convert_RtoTemp               
00009c5e  __TI_frcmpyd                  
00009dd0  main                          
00009f3c  __mspabi_subf                 
00009f42  __mspabi_addf                 
0000a06e  __mspabi_mpyll                
0000a06e  __mspabi_mpyll_sw             
0000a182  ADC_GetInternalTemp           
0000a25e  __mspabi_cmpd                 
0000a33a  __mspabi_mpyf                 
0000a3fe  __mspabi_cvtdf                
0000a4b2  __mspabi_fltlid               
0000a55e  ADC_SetChannel                
0000a5fc  __mspabi_divf                 
0000a698  __mspabi_fltuld               
0000a722  ADC_GetR2                     
0000a79e  __TI_decompress_lzss          
0000a81a  UART_Init                     
0000a890  UART_Rx                       
0000a904  __mspabi_fixdli               
0000a976  __mspabi_cvtfd                
0000a9e6  __mspabi_srll_15              
0000a9ec  __mspabi_srll_14              
0000a9f2  __mspabi_srll_13              
0000a9f8  __mspabi_srll_12              
0000a9fe  __mspabi_srll_11              
0000aa04  __mspabi_srll_10              
0000aa0a  __mspabi_srll_9               
0000aa10  __mspabi_srll_8               
0000aa16  __mspabi_srll_7               
0000aa1c  __mspabi_srll_6               
0000aa22  __mspabi_srll_5               
0000aa28  __mspabi_srll_4               
0000aa2e  __mspabi_srll_3               
0000aa34  __mspabi_srll_2               
0000aa3a  __mspabi_srll_1               
0000aa42  __mspabi_srli                 
0000aa50  __mspabi_srli_15              
0000aa54  __mspabi_srli_14              
0000aa58  __mspabi_srli_13              
0000aa5c  __mspabi_srli_12              
0000aa60  __mspabi_srli_11              
0000aa64  __mspabi_srli_10              
0000aa68  __mspabi_srli_9               
0000aa6c  __mspabi_srli_8               
0000aa70  __mspabi_srli_7               
0000aa74  __mspabi_srli_6               
0000aa78  __mspabi_srli_5               
0000aa7c  __mspabi_srli_4               
0000aa80  __mspabi_srli_3               
0000aa84  __mspabi_srli_2               
0000aa88  __mspabi_srli_1               
0000aa8e  __mspabi_srall                
0000aad8  __mspabi_srlll                
0000ab1e  __mspabi_sllll                
0000ab62  __TI_auto_init_nobinit_nopinit
0000aba4  __mspabi_sral_15              
0000aba8  __mspabi_sral_14              
0000abac  __mspabi_sral_13              
0000abb0  __mspabi_sral_12              
0000abb4  __mspabi_sral_11              
0000abb8  __mspabi_sral_10              
0000abbc  __mspabi_sral_9               
0000abc0  __mspabi_sral_8               
0000abc4  __mspabi_sral_7               
0000abc8  __mspabi_sral_6               
0000abcc  __mspabi_sral_5               
0000abd0  __mspabi_sral_4               
0000abd4  __mspabi_sral_3               
0000abd8  __mspabi_sral_2               
0000abdc  __mspabi_sral_1               
0000abe2  __mspabi_slll_15              
0000abe6  __mspabi_slll_14              
0000abea  __mspabi_slll_13              
0000abee  __mspabi_slll_12              
0000abf2  __mspabi_slll_11              
0000abf6  __mspabi_slll_10              
0000abfa  __mspabi_slll_9               
0000abfe  __mspabi_slll_8               
0000ac02  __mspabi_slll_7               
0000ac06  __mspabi_slll_6               
0000ac0a  __mspabi_slll_5               
0000ac0e  __mspabi_slll_4               
0000ac12  __mspabi_slll_3               
0000ac16  __mspabi_slll_2               
0000ac1a  __mspabi_slll_1               
0000ac20  board_init                    
0000ac5c  __mspabi_fltif                
0000ac92  __mspabi_subd                 
0000acc0  __mspabi_srai                 
0000accc  __mspabi_srai_15              
0000acce  __mspabi_srai_14              
0000acd0  __mspabi_srai_13              
0000acd2  __mspabi_srai_12              
0000acd4  __mspabi_srai_11              
0000acd6  __mspabi_srai_10              
0000acd8  __mspabi_srai_9               
0000acda  __mspabi_srai_8               
0000acdc  __mspabi_srai_7               
0000acde  __mspabi_srai_6               
0000ace0  __mspabi_srai_5               
0000ace2  __mspabi_srai_4               
0000ace4  __mspabi_srai_3               
0000ace6  __mspabi_srai_2               
0000ace8  __mspabi_srai_1               
0000acec  __mspabi_slli                 
0000acf8  __mspabi_slli_15              
0000acfa  __mspabi_slli_14              
0000acfc  __mspabi_slli_13              
0000acfe  __mspabi_slli_12              
0000ad00  __mspabi_slli_11              
0000ad02  __mspabi_slli_10              
0000ad04  __mspabi_slli_9               
0000ad06  __mspabi_slli_8               
0000ad08  __mspabi_slli_7               
0000ad0a  __mspabi_slli_6               
0000ad0c  __mspabi_slli_5               
0000ad0e  __mspabi_slli_4               
0000ad10  __mspabi_slli_3               
0000ad12  __mspabi_slli_2               
0000ad14  __mspabi_slli_1               
0000ad18  ADC_Done                      
0000ad42  Port_2_ISR                    
0000ad6c  __mspabi_fixdi                
0000ad94  __mspabi_mpyl                 
0000ad94  __mspabi_mpyl_sw              
0000adba  __mspabi_fltuf                
0000adde  ADC_getVal                    
0000ae00  SerialWrite                   
0000ae22  __mspabi_mpyul                
0000ae22  __mspabi_mpyul_sw             
0000ae44  ADC_init                      
0000ae64  __mspabi_mpyull               
0000ae64  __mspabi_mpyull_sw            
0000ae82  _c_int00_noargs               
0000ae9e  Port1_ISR                     
0000aeb4  __TI_zero_init_nomemset       
0000aec8  __mspabi_mpyi                 
0000aec8  __mspabi_mpyi_sw              
0000aedc  __TI_decompress_none          
0000aeee  __mspabi_srll                 
0000af00  memcpy                        
0000af12  __mspabi_func_epilog_7        
0000af14  __mspabi_func_epilog_6        
0000af16  __mspabi_func_epilog_5        
0000af18  __mspabi_func_epilog_4        
0000af1a  __mspabi_func_epilog_3        
0000af1c  __mspabi_func_epilog_2        
0000af1e  __mspabi_func_epilog_1        
0000af22  TIMERA0                       
0000af30  __TI_ISR_TRAP                 
0000af38  wait                          
0000af40  __mspabi_fltud                
0000af46  C$$EXIT                       
0000af46  abort                         
0000af4c  _system_pre_init              
0000af50  _system_post_cinit            
0000afb6  __TI_Handler_Table_Base       
0000afbc  __TI_Handler_Table_Limit      
0000afc0  __TI_CINIT_Base               
0000afc8  __TI_CINIT_Limit              
0000afc8  __TI_CINIT_Warm               
0000ffe4  __TI_int02                    
0000ffe6  __TI_int03                    
0000ffea  __TI_int05                    
0000ffec  __TI_int06                    
0000ffee  __TI_int07                    
0000fff0  __TI_int08                    
0000fff2  __TI_int09                    
0000fff4  __TI_int10                    
0000fff8  __TI_int12                    
0000fffa  __TI_int13                    
0000fffc  __TI_int14                    
0000fffe  _reset_vector                 
ffffffff  __TI_pprof_out_hndl           
ffffffff  __TI_prof_data_size           
ffffffff  __TI_prof_data_start          
ffffffff  __c_args__                    

[292 symbols]
