<?xml version="1.0" encoding="ISO-8859-1" ?>
<link_info>
   <banner>MSP430 Linker PC v21.6.1.LTS</banner>
   <copyright>Copyright (c) 2003-2018 Texas Instruments Incorporated</copyright>
   <link_time>0x6758a209</link_time>
   <link_errors>0x0</link_errors>
   <output_file>LIT_ADC.out</output_file>
   <entry_point>
      <name>_c_int00_noargs</name>
      <address>0xb7d4</address>
   </entry_point>
   <input_file_list>
      <input_file id="fl-2">
         <path>.\</path>
         <kind>object</kind>
         <file>main.obj</file>
         <name>main.obj</name>
      </input_file>
      <input_file id="fl-3">
         <path>.\Communication\</path>
         <kind>object</kind>
         <file>cc2500.obj</file>
         <name>cc2500.obj</name>
      </input_file>
      <input_file id="fl-4">
         <path>.\Communication\</path>
         <kind>object</kind>
         <file>uart.obj</file>
         <name>uart.obj</name>
      </input_file>
      <input_file id="fl-5">
         <path>.\utils\</path>
         <kind>object</kind>
         <file>adc.obj</file>
         <name>adc.obj</name>
      </input_file>
      <input_file id="fl-6">
         <path>.\utils\</path>
         <kind>object</kind>
         <file>board.obj</file>
         <name>board.obj</name>
      </input_file>
      <input_file id="fl-b">
         <kind>object</kind>
         <file>&lt;internal&gt;</file>
         <name>&lt;internal&gt;</name>
      </input_file>
      <input_file id="fl-21">
         <path>C:\ti\ccs1210\ccs\tools\compiler\ti-cgt-msp430_21.6.1.LTS\lib\</path>
         <kind>archive</kind>
         <file>rts430_eabi.lib</file>
         <name>e_log.c.obj</name>
      </input_file>
      <input_file id="fl-22">
         <path>C:\ti\ccs1210\ccs\tools\compiler\ti-cgt-msp430_21.6.1.LTS\lib\</path>
         <kind>archive</kind>
         <file>rts430_eabi.lib</file>
         <name>asr16.asm.obj</name>
      </input_file>
      <input_file id="fl-23">
         <path>C:\ti\ccs1210\ccs\tools\compiler\ti-cgt-msp430_21.6.1.LTS\lib\</path>
         <kind>archive</kind>
         <file>rts430_eabi.lib</file>
         <name>div16s.asm.obj</name>
      </input_file>
      <input_file id="fl-24">
         <path>C:\ti\ccs1210\ccs\tools\compiler\ti-cgt-msp430_21.6.1.LTS\lib\</path>
         <kind>archive</kind>
         <file>rts430_eabi.lib</file>
         <name>div16u.asm.obj</name>
      </input_file>
      <input_file id="fl-25">
         <path>C:\ti\ccs1210\ccs\tools\compiler\ti-cgt-msp430_21.6.1.LTS\lib\</path>
         <kind>archive</kind>
         <file>rts430_eabi.lib</file>
         <name>div32s.asm.obj</name>
      </input_file>
      <input_file id="fl-26">
         <path>C:\ti\ccs1210\ccs\tools\compiler\ti-cgt-msp430_21.6.1.LTS\lib\</path>
         <kind>archive</kind>
         <file>rts430_eabi.lib</file>
         <name>div32u.asm.obj</name>
      </input_file>
      <input_file id="fl-27">
         <path>C:\ti\ccs1210\ccs\tools\compiler\ti-cgt-msp430_21.6.1.LTS\lib\</path>
         <kind>archive</kind>
         <file>rts430_eabi.lib</file>
         <name>epilog.asm.obj</name>
      </input_file>
      <input_file id="fl-28">
         <path>C:\ti\ccs1210\ccs\tools\compiler\ti-cgt-msp430_21.6.1.LTS\lib\</path>
         <kind>archive</kind>
         <file>rts430_eabi.lib</file>
         <name>fs_add.asm.obj</name>
      </input_file>
      <input_file id="fl-29">
         <path>C:\ti\ccs1210\ccs\tools\compiler\ti-cgt-msp430_21.6.1.LTS\lib\</path>
         <kind>archive</kind>
         <file>rts430_eabi.lib</file>
         <name>fs_div.asm.obj</name>
      </input_file>
      <input_file id="fl-2a">
         <path>C:\ti\ccs1210\ccs\tools\compiler\ti-cgt-msp430_21.6.1.LTS\lib\</path>
         <kind>archive</kind>
         <file>rts430_eabi.lib</file>
         <name>fs_itof.asm.obj</name>
      </input_file>
      <input_file id="fl-2b">
         <path>C:\ti\ccs1210\ccs\tools\compiler\ti-cgt-msp430_21.6.1.LTS\lib\</path>
         <kind>archive</kind>
         <file>rts430_eabi.lib</file>
         <name>fs_mpy.asm.obj</name>
      </input_file>
      <input_file id="fl-2c">
         <path>C:\ti\ccs1210\ccs\tools\compiler\ti-cgt-msp430_21.6.1.LTS\lib\</path>
         <kind>archive</kind>
         <file>rts430_eabi.lib</file>
         <name>fs_utof.asm.obj</name>
      </input_file>
      <input_file id="fl-2d">
         <path>C:\ti\ccs1210\ccs\tools\compiler\ti-cgt-msp430_21.6.1.LTS\lib\</path>
         <kind>archive</kind>
         <file>rts430_eabi.lib</file>
         <name>int06.asm.obj</name>
      </input_file>
      <input_file id="fl-2e">
         <path>C:\ti\ccs1210\ccs\tools\compiler\ti-cgt-msp430_21.6.1.LTS\lib\</path>
         <kind>archive</kind>
         <file>rts430_eabi.lib</file>
         <name>int08.asm.obj</name>
      </input_file>
      <input_file id="fl-2f">
         <path>C:\ti\ccs1210\ccs\tools\compiler\ti-cgt-msp430_21.6.1.LTS\lib\</path>
         <kind>archive</kind>
         <file>rts430_eabi.lib</file>
         <name>int10.asm.obj</name>
      </input_file>
      <input_file id="fl-30">
         <path>C:\ti\ccs1210\ccs\tools\compiler\ti-cgt-msp430_21.6.1.LTS\lib\</path>
         <kind>archive</kind>
         <file>rts430_eabi.lib</file>
         <name>int12.asm.obj</name>
      </input_file>
      <input_file id="fl-31">
         <path>C:\ti\ccs1210\ccs\tools\compiler\ti-cgt-msp430_21.6.1.LTS\lib\</path>
         <kind>archive</kind>
         <file>rts430_eabi.lib</file>
         <name>int13.asm.obj</name>
      </input_file>
      <input_file id="fl-32">
         <path>C:\ti\ccs1210\ccs\tools\compiler\ti-cgt-msp430_21.6.1.LTS\lib\</path>
         <kind>archive</kind>
         <file>rts430_eabi.lib</file>
         <name>int14.asm.obj</name>
      </input_file>
      <input_file id="fl-33">
         <path>C:\ti\ccs1210\ccs\tools\compiler\ti-cgt-msp430_21.6.1.LTS\lib\</path>
         <kind>archive</kind>
         <file>rts430_eabi.lib</file>
         <name>isr_trap.asm.obj</name>
      </input_file>
      <input_file id="fl-34">
         <path>C:\ti\ccs1210\ccs\tools\compiler\ti-cgt-msp430_21.6.1.LTS\lib\</path>
         <kind>archive</kind>
         <file>rts430_eabi.lib</file>
         <name>lsl16.asm.obj</name>
      </input_file>
      <input_file id="fl-35">
         <path>C:\ti\ccs1210\ccs\tools\compiler\ti-cgt-msp430_21.6.1.LTS\lib\</path>
         <kind>archive</kind>
         <file>rts430_eabi.lib</file>
         <name>lsr16.asm.obj</name>
      </input_file>
      <input_file id="fl-36">
         <path>C:\ti\ccs1210\ccs\tools\compiler\ti-cgt-msp430_21.6.1.LTS\lib\</path>
         <kind>archive</kind>
         <file>rts430_eabi.lib</file>
         <name>mult16.asm.obj</name>
      </input_file>
      <input_file id="fl-37">
         <path>C:\ti\ccs1210\ccs\tools\compiler\ti-cgt-msp430_21.6.1.LTS\lib\</path>
         <kind>archive</kind>
         <file>rts430_eabi.lib</file>
         <name>boot.c.obj</name>
      </input_file>
      <input_file id="fl-38">
         <path>C:\ti\ccs1210\ccs\tools\compiler\ti-cgt-msp430_21.6.1.LTS\lib\</path>
         <kind>archive</kind>
         <file>rts430_eabi.lib</file>
         <name>autoinit.c.obj</name>
      </input_file>
      <input_file id="fl-39">
         <path>C:\ti\ccs1210\ccs\tools\compiler\ti-cgt-msp430_21.6.1.LTS\lib\</path>
         <kind>archive</kind>
         <file>rts430_eabi.lib</file>
         <name>copy_zero_init.c.obj</name>
      </input_file>
      <input_file id="fl-3a">
         <path>C:\ti\ccs1210\ccs\tools\compiler\ti-cgt-msp430_21.6.1.LTS\lib\</path>
         <kind>archive</kind>
         <file>rts430_eabi.lib</file>
         <name>cpy_tbl.c.obj</name>
      </input_file>
      <input_file id="fl-3b">
         <path>C:\ti\ccs1210\ccs\tools\compiler\ti-cgt-msp430_21.6.1.LTS\lib\</path>
         <kind>archive</kind>
         <file>rts430_eabi.lib</file>
         <name>mpu_init.c.obj</name>
      </input_file>
      <input_file id="fl-3c">
         <path>C:\ti\ccs1210\ccs\tools\compiler\ti-cgt-msp430_21.6.1.LTS\lib\</path>
         <kind>archive</kind>
         <file>rts430_eabi.lib</file>
         <name>lsr64.c.obj</name>
      </input_file>
      <input_file id="fl-3d">
         <path>C:\ti\ccs1210\ccs\tools\compiler\ti-cgt-msp430_21.6.1.LTS\lib\</path>
         <kind>archive</kind>
         <file>rts430_eabi.lib</file>
         <name>pre_init.c.obj</name>
      </input_file>
      <input_file id="fl-3e">
         <path>C:\ti\ccs1210\ccs\tools\compiler\ti-cgt-msp430_21.6.1.LTS\lib\</path>
         <kind>archive</kind>
         <file>rts430_eabi.lib</file>
         <name>startup.c.obj</name>
      </input_file>
      <input_file id="fl-3f">
         <path>C:\ti\ccs1210\ccs\tools\compiler\ti-cgt-msp430_21.6.1.LTS\lib\</path>
         <kind>archive</kind>
         <file>rts430_eabi.lib</file>
         <name>copy_decompress_none.c.obj</name>
      </input_file>
      <input_file id="fl-40">
         <path>C:\ti\ccs1210\ccs\tools\compiler\ti-cgt-msp430_21.6.1.LTS\lib\</path>
         <kind>archive</kind>
         <file>rts430_eabi.lib</file>
         <name>copy_decompress_lzss.c.obj</name>
      </input_file>
      <input_file id="fl-41">
         <path>C:\ti\ccs1210\ccs\tools\compiler\ti-cgt-msp430_21.6.1.LTS\lib\</path>
         <kind>archive</kind>
         <file>rts430_eabi.lib</file>
         <name>cvtdf.c.obj</name>
      </input_file>
      <input_file id="fl-42">
         <path>C:\ti\ccs1210\ccs\tools\compiler\ti-cgt-msp430_21.6.1.LTS\lib\</path>
         <kind>archive</kind>
         <file>rts430_eabi.lib</file>
         <name>addd.c.obj</name>
      </input_file>
      <input_file id="fl-43">
         <path>C:\ti\ccs1210\ccs\tools\compiler\ti-cgt-msp430_21.6.1.LTS\lib\</path>
         <kind>archive</kind>
         <file>rts430_eabi.lib</file>
         <name>cmpd.c.obj</name>
      </input_file>
      <input_file id="fl-44">
         <path>C:\ti\ccs1210\ccs\tools\compiler\ti-cgt-msp430_21.6.1.LTS\lib\</path>
         <kind>archive</kind>
         <file>rts430_eabi.lib</file>
         <name>cvtfd.c.obj</name>
      </input_file>
      <input_file id="fl-45">
         <path>C:\ti\ccs1210\ccs\tools\compiler\ti-cgt-msp430_21.6.1.LTS\lib\</path>
         <kind>archive</kind>
         <file>rts430_eabi.lib</file>
         <name>divd.c.obj</name>
      </input_file>
      <input_file id="fl-46">
         <path>C:\ti\ccs1210\ccs\tools\compiler\ti-cgt-msp430_21.6.1.LTS\lib\</path>
         <kind>archive</kind>
         <file>rts430_eabi.lib</file>
         <name>fixdi.c.obj</name>
      </input_file>
      <input_file id="fl-47">
         <path>C:\ti\ccs1210\ccs\tools\compiler\ti-cgt-msp430_21.6.1.LTS\lib\</path>
         <kind>archive</kind>
         <file>rts430_eabi.lib</file>
         <name>fixdli.c.obj</name>
      </input_file>
      <input_file id="fl-48">
         <path>C:\ti\ccs1210\ccs\tools\compiler\ti-cgt-msp430_21.6.1.LTS\lib\</path>
         <kind>archive</kind>
         <file>rts430_eabi.lib</file>
         <name>fltlid.c.obj</name>
      </input_file>
      <input_file id="fl-49">
         <path>C:\ti\ccs1210\ccs\tools\compiler\ti-cgt-msp430_21.6.1.LTS\lib\</path>
         <kind>archive</kind>
         <file>rts430_eabi.lib</file>
         <name>fltud.c.obj</name>
      </input_file>
      <input_file id="fl-4a">
         <path>C:\ti\ccs1210\ccs\tools\compiler\ti-cgt-msp430_21.6.1.LTS\lib\</path>
         <kind>archive</kind>
         <file>rts430_eabi.lib</file>
         <name>fltuld.c.obj</name>
      </input_file>
      <input_file id="fl-4b">
         <path>C:\ti\ccs1210\ccs\tools\compiler\ti-cgt-msp430_21.6.1.LTS\lib\</path>
         <kind>archive</kind>
         <file>rts430_eabi.lib</file>
         <name>frcdivd.c.obj</name>
      </input_file>
      <input_file id="fl-4c">
         <path>C:\ti\ccs1210\ccs\tools\compiler\ti-cgt-msp430_21.6.1.LTS\lib\</path>
         <kind>archive</kind>
         <file>rts430_eabi.lib</file>
         <name>mpyd.c.obj</name>
      </input_file>
      <input_file id="fl-4d">
         <path>C:\ti\ccs1210\ccs\tools\compiler\ti-cgt-msp430_21.6.1.LTS\lib\</path>
         <kind>archive</kind>
         <file>rts430_eabi.lib</file>
         <name>subd.c.obj</name>
      </input_file>
      <input_file id="fl-4e">
         <path>C:\ti\ccs1210\ccs\tools\compiler\ti-cgt-msp430_21.6.1.LTS\lib\</path>
         <kind>archive</kind>
         <file>rts430_eabi.lib</file>
         <name>exit.c.obj</name>
      </input_file>
      <input_file id="fl-4f">
         <path>C:\ti\ccs1210\ccs\tools\compiler\ti-cgt-msp430_21.6.1.LTS\lib\</path>
         <kind>archive</kind>
         <file>rts430_eabi.lib</file>
         <name>_lock.c.obj</name>
      </input_file>
      <input_file id="fl-50">
         <path>C:\ti\ccs1210\ccs\tools\compiler\ti-cgt-msp430_21.6.1.LTS\lib\</path>
         <kind>archive</kind>
         <file>rts430_eabi.lib</file>
         <name>args_main.c.obj</name>
      </input_file>
      <input_file id="fl-51">
         <path>C:\ti\ccs1210\ccs\tools\compiler\ti-cgt-msp430_21.6.1.LTS\lib\</path>
         <kind>archive</kind>
         <file>rts430_eabi.lib</file>
         <name>memcpy.c.obj</name>
      </input_file>
      <input_file id="fl-52">
         <path>C:\ti\ccs1210\ccs\tools\compiler\ti-cgt-msp430_21.6.1.LTS\lib\</path>
         <kind>archive</kind>
         <file>rts430_eabi.lib</file>
         <name>errno.c.obj</name>
      </input_file>
      <input_file id="fl-53">
         <path>C:\ti\ccs1210\ccs\tools\compiler\ti-cgt-msp430_21.6.1.LTS\lib\</path>
         <kind>archive</kind>
         <file>rts430_eabi.lib</file>
         <name>asr32.asm.obj</name>
      </input_file>
      <input_file id="fl-54">
         <path>C:\ti\ccs1210\ccs\tools\compiler\ti-cgt-msp430_21.6.1.LTS\lib\</path>
         <kind>archive</kind>
         <file>rts430_eabi.lib</file>
         <name>lsl32.asm.obj</name>
      </input_file>
      <input_file id="fl-55">
         <path>C:\ti\ccs1210\ccs\tools\compiler\ti-cgt-msp430_21.6.1.LTS\lib\</path>
         <kind>archive</kind>
         <file>rts430_eabi.lib</file>
         <name>lsr32.asm.obj</name>
      </input_file>
      <input_file id="fl-56">
         <path>C:\ti\ccs1210\ccs\tools\compiler\ti-cgt-msp430_21.6.1.LTS\lib\</path>
         <kind>archive</kind>
         <file>rts430_eabi.lib</file>
         <name>mult32.asm.obj</name>
      </input_file>
      <input_file id="fl-57">
         <path>C:\ti\ccs1210\ccs\tools\compiler\ti-cgt-msp430_21.6.1.LTS\lib\</path>
         <kind>archive</kind>
         <file>rts430_eabi.lib</file>
         <name>exit_gvars.c.obj</name>
      </input_file>
      <input_file id="fl-58">
         <path>C:\ti\ccs1210\ccs\tools\compiler\ti-cgt-msp430_21.6.1.LTS\lib\</path>
         <kind>archive</kind>
         <file>rts430_eabi.lib</file>
         <name>asr64.c.obj</name>
      </input_file>
      <input_file id="fl-59">
         <path>C:\ti\ccs1210\ccs\tools\compiler\ti-cgt-msp430_21.6.1.LTS\lib\</path>
         <kind>archive</kind>
         <file>rts430_eabi.lib</file>
         <name>lsl64.c.obj</name>
      </input_file>
      <input_file id="fl-5a">
         <path>C:\ti\ccs1210\ccs\tools\compiler\ti-cgt-msp430_21.6.1.LTS\lib\</path>
         <kind>archive</kind>
         <file>rts430_eabi.lib</file>
         <name>frcmpyd.c.obj</name>
      </input_file>
      <input_file id="fl-5b">
         <path>C:\ti\ccs1210\ccs\tools\compiler\ti-cgt-msp430_21.6.1.LTS\lib\</path>
         <kind>archive</kind>
         <file>rts430_eabi.lib</file>
         <name>mult3264.asm.obj</name>
      </input_file>
      <input_file id="fl-5c">
         <path>C:\ti\ccs1210\ccs\tools\compiler\ti-cgt-msp430_21.6.1.LTS\lib\</path>
         <kind>archive</kind>
         <file>rts430_eabi.lib</file>
         <name>mult64.asm.obj</name>
      </input_file>
      <input_file id="fl-5d">
         <path>C:\ti\ccs1210\ccs\tools\compiler\ti-cgt-msp430_21.6.1.LTS\lib\</path>
         <kind>archive</kind>
         <file>rts430_eabi.lib</file>
         <name>mult1632.asm.obj</name>
      </input_file>
   </input_file_list>
   <object_component_list>
      <object_component id="oc-154">
         <name>.common:adcStatus</name>
         <uninitialized>true</uninitialized>
         <run_address>0x224</run_address>
         <size>0x2</size>
      </object_component>
      <object_component id="oc-15d">
         <name>.common:UART_RxBuf</name>
         <uninitialized>true</uninitialized>
         <run_address>0x212</run_address>
         <size>0x10</size>
      </object_component>
      <object_component id="oc-287">
         <name>.common:UART_TxBuf</name>
         <uninitialized>true</uninitialized>
         <run_address>0x200</run_address>
         <size>0x12</size>
      </object_component>
      <object_component id="oc-14f">
         <name>.common:Status</name>
         <uninitialized>true</uninitialized>
         <run_address>0x222</run_address>
         <size>0x2</size>
      </object_component>
      <object_component id="oc-31e">
         <name>.common:_cc2500_status</name>
         <uninitialized>true</uninitialized>
         <run_address>0x226</run_address>
         <size>0x1</size>
      </object_component>
      <object_component id="oc-3ac">
         <name>.data</name>
         <load_address>0x228</load_address>
         <run_address>0x228</run_address>
         <size>0x2</size>
         <input_file_ref idref="fl-52"/>
      </object_component>
      <object_component id="oc-ac">
         <name>.stack</name>
         <uninitialized>true</uninitialized>
         <run_address>0x5b0</run_address>
         <size>0x2</size>
         <input_file_ref idref="fl-37"/>
      </object_component>
      <object_component id="oc-48f">
         <name>.stack</name>
         <uninitialized>true</uninitialized>
         <run_address>0x5b0</run_address>
         <size>0x0</size>
      </object_component>
      <object_component id="oc-30f">
         <name>.text:__mspabi_addd</name>
         <load_address>0x8000</load_address>
         <run_address>0x8000</run_address>
         <size>0x736</size>
         <input_file_ref idref="fl-42"/>
      </object_component>
      <object_component id="oc-309">
         <name>.text:log</name>
         <load_address>0x8736</load_address>
         <run_address>0x8736</run_address>
         <size>0x63c</size>
         <input_file_ref idref="fl-21"/>
      </object_component>
      <object_component id="oc-16e">
         <name>.text:main</name>
         <load_address>0x8d72</load_address>
         <run_address>0x8d72</run_address>
         <size>0x52c</size>
         <input_file_ref idref="fl-2"/>
      </object_component>
      <object_component id="oc-381">
         <name>.text:__TI_frcdivd</name>
         <load_address>0x929e</load_address>
         <run_address>0x929e</run_address>
         <size>0x478</size>
         <input_file_ref idref="fl-4b"/>
      </object_component>
      <object_component id="oc-2b7">
         <name>.text:__mspabi_mpyd</name>
         <load_address>0x9716</load_address>
         <run_address>0x9716</run_address>
         <size>0x2c0</size>
         <input_file_ref idref="fl-4c"/>
      </object_component>
      <object_component id="oc-1f3">
         <name>.text:FToA</name>
         <load_address>0x99d6</load_address>
         <run_address>0x99d6</run_address>
         <size>0x23a</size>
         <input_file_ref idref="fl-4"/>
      </object_component>
      <object_component id="oc-2bd">
         <name>.text:__mspabi_divd</name>
         <load_address>0x9c10</load_address>
         <run_address>0x9c10</run_address>
         <size>0x232</size>
         <input_file_ref idref="fl-45"/>
      </object_component>
      <object_component id="oc-2eb">
         <name>.text:ADC_SetSHTime</name>
         <load_address>0x9e42</load_address>
         <run_address>0x9e42</run_address>
         <size>0x1c0</size>
         <input_file_ref idref="fl-5"/>
      </object_component>
      <object_component id="oc-205">
         <name>.text:convert_RtoTemp</name>
         <load_address>0xa002</load_address>
         <run_address>0xa002</run_address>
         <size>0x188</size>
         <input_file_ref idref="fl-5"/>
      </object_component>
      <object_component id="oc-374">
         <name>.text:__TI_frcmpyd</name>
         <load_address>0xa18a</load_address>
         <run_address>0xa18a</run_address>
         <size>0x172</size>
         <input_file_ref idref="fl-5a"/>
      </object_component>
      <object_component id="oc-1ce">
         <name>.text:CC_Init</name>
         <load_address>0xa2fc</load_address>
         <run_address>0xa2fc</run_address>
         <size>0x13e</size>
         <input_file_ref idref="fl-3"/>
      </object_component>
      <object_component id="oc-2fe">
         <name>.text</name>
         <load_address>0xa43a</load_address>
         <run_address>0xa43a</run_address>
         <size>0x132</size>
         <input_file_ref idref="fl-28"/>
      </object_component>
      <object_component id="oc-3f7">
         <name>.text:__mpyll</name>
         <load_address>0xa56c</load_address>
         <run_address>0xa56c</run_address>
         <size>0x114</size>
         <input_file_ref idref="fl-5c"/>
      </object_component>
      <object_component id="oc-1e0">
         <name>.text:ADC_GetInternalTemp</name>
         <load_address>0xa680</load_address>
         <run_address>0xa680</run_address>
         <size>0xdc</size>
         <input_file_ref idref="fl-5"/>
      </object_component>
      <object_component id="oc-2d7">
         <name>.text:__mspabi_cmpd</name>
         <load_address>0xa75c</load_address>
         <run_address>0xa75c</run_address>
         <size>0xdc</size>
         <input_file_ref idref="fl-43"/>
      </object_component>
      <object_component id="oc-2f9">
         <name>.text</name>
         <load_address>0xa838</load_address>
         <run_address>0xa838</run_address>
         <size>0xc4</size>
         <input_file_ref idref="fl-2b"/>
      </object_component>
      <object_component id="oc-211">
         <name>.text:__mspabi_cvtdf</name>
         <load_address>0xa8fc</load_address>
         <run_address>0xa8fc</run_address>
         <size>0xb4</size>
         <input_file_ref idref="fl-41"/>
      </object_component>
      <object_component id="oc-3af">
         <name>.text:__mspabi_fltlid</name>
         <load_address>0xa9b0</load_address>
         <run_address>0xa9b0</run_address>
         <size>0xac</size>
         <input_file_ref idref="fl-48"/>
      </object_component>
      <object_component id="oc-1f9">
         <name>.text:ADC_SetChannel</name>
         <load_address>0xaa5c</load_address>
         <run_address>0xaa5c</run_address>
         <size>0x9e</size>
         <input_file_ref idref="fl-5"/>
      </object_component>
      <object_component id="oc-303">
         <name>.text</name>
         <load_address>0xaafa</load_address>
         <run_address>0xaafa</run_address>
         <size>0x9c</size>
         <input_file_ref idref="fl-29"/>
      </object_component>
      <object_component id="oc-327">
         <name>.text:_CC_FifoAccess</name>
         <load_address>0xab96</load_address>
         <run_address>0xab96</run_address>
         <size>0x8a</size>
         <input_file_ref idref="fl-3"/>
      </object_component>
      <object_component id="oc-39c">
         <name>.text:__mspabi_fltuld</name>
         <load_address>0xac20</load_address>
         <run_address>0xac20</run_address>
         <size>0x8a</size>
         <input_file_ref idref="fl-4a"/>
      </object_component>
      <object_component id="oc-1ff">
         <name>.text:ADC_GetR2</name>
         <load_address>0xacaa</load_address>
         <run_address>0xacaa</run_address>
         <size>0x7c</size>
         <input_file_ref idref="fl-5"/>
      </object_component>
      <object_component id="oc-32">
         <name>.text:decompress:lzss:__TI_decompress_lzss</name>
         <load_address>0xad26</load_address>
         <run_address>0xad26</run_address>
         <size>0x7c</size>
         <input_file_ref idref="fl-40"/>
      </object_component>
      <object_component id="oc-29d">
         <name>.text:CC_WriteReg</name>
         <load_address>0xada2</load_address>
         <run_address>0xada2</run_address>
         <size>0x7a</size>
         <input_file_ref idref="fl-3"/>
      </object_component>
      <object_component id="oc-235">
         <name>.text:CC_SetWaitState</name>
         <load_address>0xae1c</load_address>
         <run_address>0xae1c</run_address>
         <size>0x76</size>
         <input_file_ref idref="fl-3"/>
      </object_component>
      <object_component id="oc-1bc">
         <name>.text:UART_Init</name>
         <load_address>0xae92</load_address>
         <run_address>0xae92</run_address>
         <size>0x76</size>
         <input_file_ref idref="fl-4"/>
      </object_component>
      <object_component id="oc-ee">
         <name>.text:UART_Rx</name>
         <load_address>0xaf08</load_address>
         <run_address>0xaf08</run_address>
         <size>0x74</size>
         <input_file_ref idref="fl-6"/>
      </object_component>
      <object_component id="oc-395">
         <name>.text:__mspabi_fixdli</name>
         <load_address>0xaf7c</load_address>
         <run_address>0xaf7c</run_address>
         <size>0x72</size>
         <input_file_ref idref="fl-47"/>
      </object_component>
      <object_component id="oc-1ed">
         <name>.text:__mspabi_cvtfd</name>
         <load_address>0xafee</load_address>
         <run_address>0xafee</run_address>
         <size>0x70</size>
         <input_file_ref idref="fl-44"/>
      </object_component>
      <object_component id="oc-223">
         <name>.text:CC_SendMessage</name>
         <load_address>0xb05e</load_address>
         <run_address>0xb05e</run_address>
         <size>0x6c</size>
         <input_file_ref idref="fl-3"/>
      </object_component>
      <object_component id="oc-229">
         <name>.text:CC_ReadMessage</name>
         <load_address>0xb0ca</load_address>
         <run_address>0xb0ca</run_address>
         <size>0x68</size>
         <input_file_ref idref="fl-3"/>
      </object_component>
      <object_component id="oc-40a">
         <name>.text:l_lsr_const</name>
         <load_address>0xb132</load_address>
         <run_address>0xb132</run_address>
         <size>0x5c</size>
         <input_file_ref idref="fl-55"/>
      </object_component>
      <object_component id="oc-23b">
         <name>.text:CC_CheckERROR</name>
         <load_address>0xb18e</load_address>
         <run_address>0xb18e</run_address>
         <size>0x4e</size>
         <input_file_ref idref="fl-3"/>
      </object_component>
      <object_component id="oc-b5">
         <name>.text</name>
         <load_address>0xb1dc</load_address>
         <run_address>0xb1dc</run_address>
         <size>0x4c</size>
         <input_file_ref idref="fl-35"/>
      </object_component>
      <object_component id="oc-3bb">
         <name>.text:__mspabi_srall</name>
         <load_address>0xb228</load_address>
         <run_address>0xb228</run_address>
         <size>0x4a</size>
         <input_file_ref idref="fl-58"/>
      </object_component>
      <object_component id="oc-401">
         <name>.text:__mspabi_srlll</name>
         <load_address>0xb272</load_address>
         <run_address>0xb272</run_address>
         <size>0x46</size>
         <input_file_ref idref="fl-3c"/>
      </object_component>
      <object_component id="oc-3c1">
         <name>.text:__mspabi_sllll</name>
         <load_address>0xb2b8</load_address>
         <run_address>0xb2b8</run_address>
         <size>0x44</size>
         <input_file_ref idref="fl-59"/>
      </object_component>
      <object_component id="oc-1da">
         <name>.text:CC_SetAddress</name>
         <load_address>0xb2fc</load_address>
         <run_address>0xb2fc</run_address>
         <size>0x42</size>
         <input_file_ref idref="fl-3"/>
      </object_component>
      <object_component id="oc-24e">
         <name>.text:__TI_auto_init_nobinit_nopinit:__TI_auto_init_nobinit_nopinit</name>
         <load_address>0xb33e</load_address>
         <run_address>0xb33e</run_address>
         <size>0x42</size>
         <input_file_ref idref="fl-38"/>
      </object_component>
      <object_component id="oc-2cb">
         <name>.text:l_asr_const</name>
         <load_address>0xb380</load_address>
         <run_address>0xb380</run_address>
         <size>0x3e</size>
         <input_file_ref idref="fl-53"/>
      </object_component>
      <object_component id="oc-317">
         <name>.text:l_lsl_const</name>
         <load_address>0xb3be</load_address>
         <run_address>0xb3be</run_address>
         <size>0x3e</size>
         <input_file_ref idref="fl-54"/>
      </object_component>
      <object_component id="oc-1b6">
         <name>.text:board_init</name>
         <load_address>0xb3fc</load_address>
         <run_address>0xb3fc</run_address>
         <size>0x3c</size>
         <input_file_ref idref="fl-6"/>
      </object_component>
      <object_component id="oc-217">
         <name>.text:CC_ReadReg</name>
         <load_address>0xb438</load_address>
         <run_address>0xb438</run_address>
         <size>0x3a</size>
         <input_file_ref idref="fl-3"/>
      </object_component>
      <object_component id="oc-22f">
         <name>.text:SerialWriteln</name>
         <load_address>0xb472</load_address>
         <run_address>0xb472</run_address>
         <size>0x3a</size>
         <input_file_ref idref="fl-4"/>
      </object_component>
      <object_component id="oc-1d4">
         <name>.text:CC_SetChannel</name>
         <load_address>0xb4ac</load_address>
         <run_address>0xb4ac</run_address>
         <size>0x38</size>
         <input_file_ref idref="fl-3"/>
      </object_component>
      <object_component id="oc-2b2">
         <name>.text</name>
         <load_address>0xb4e4</load_address>
         <run_address>0xb4e4</run_address>
         <size>0x36</size>
         <input_file_ref idref="fl-2a"/>
      </object_component>
      <object_component id="oc-2a4">
         <name>.text:delay_ms</name>
         <load_address>0xb51a</load_address>
         <run_address>0xb51a</run_address>
         <size>0x34</size>
         <input_file_ref idref="fl-6"/>
      </object_component>
      <object_component id="oc-28b">
         <name>.text:delay_us</name>
         <load_address>0xb54e</load_address>
         <run_address>0xb54e</run_address>
         <size>0x30</size>
         <input_file_ref idref="fl-6"/>
      </object_component>
      <object_component id="oc-d7">
         <name>.text:Port1_ISR</name>
         <load_address>0xb57e</load_address>
         <run_address>0xb57e</run_address>
         <size>0x2e</size>
         <input_file_ref idref="fl-6"/>
      </object_component>
      <object_component id="oc-1c8">
         <name>.text:SPI_Init</name>
         <load_address>0xb5ac</load_address>
         <run_address>0xb5ac</run_address>
         <size>0x2e</size>
         <input_file_ref idref="fl-6"/>
      </object_component>
      <object_component id="oc-20b">
         <name>.text:__mspabi_subd</name>
         <load_address>0xb5da</load_address>
         <run_address>0xb5da</run_address>
         <size>0x2e</size>
         <input_file_ref idref="fl-4d"/>
      </object_component>
      <object_component id="oc-2c6">
         <name>.text</name>
         <load_address>0xb608</load_address>
         <run_address>0xb608</run_address>
         <size>0x2c</size>
         <input_file_ref idref="fl-22"/>
      </object_component>
      <object_component id="oc-b0">
         <name>.text</name>
         <load_address>0xb634</load_address>
         <run_address>0xb634</run_address>
         <size>0x2c</size>
         <input_file_ref idref="fl-34"/>
      </object_component>
      <object_component id="oc-e3">
         <name>.text:ADC_Done</name>
         <load_address>0xb660</load_address>
         <run_address>0xb660</run_address>
         <size>0x2a</size>
         <input_file_ref idref="fl-6"/>
      </object_component>
      <object_component id="oc-21d">
         <name>.text:CC_Strobe</name>
         <load_address>0xb68a</load_address>
         <run_address>0xb68a</run_address>
         <size>0x2a</size>
         <input_file_ref idref="fl-3"/>
      </object_component>
      <object_component id="oc-dd">
         <name>.text:Port_2_ISR</name>
         <load_address>0xb6b4</load_address>
         <run_address>0xb6b4</run_address>
         <size>0x2a</size>
         <input_file_ref idref="fl-6"/>
      </object_component>
      <object_component id="oc-2de">
         <name>.text:__mspabi_fixdi</name>
         <load_address>0xb6de</load_address>
         <run_address>0xb6de</run_address>
         <size>0x28</size>
         <input_file_ref idref="fl-46"/>
      </object_component>
      <object_component id="oc-40f">
         <name>.text</name>
         <load_address>0xb706</load_address>
         <run_address>0xb706</run_address>
         <size>0x26</size>
         <input_file_ref idref="fl-56"/>
      </object_component>
      <object_component id="oc-3a3">
         <name>.text</name>
         <load_address>0xb72c</load_address>
         <run_address>0xb72c</run_address>
         <size>0x24</size>
         <input_file_ref idref="fl-2c"/>
      </object_component>
      <object_component id="oc-2f2">
         <name>.text:ADC_getVal</name>
         <load_address>0xb750</load_address>
         <run_address>0xb750</run_address>
         <size>0x22</size>
         <input_file_ref idref="fl-5"/>
      </object_component>
      <object_component id="oc-1e7">
         <name>.text:SerialWrite</name>
         <load_address>0xb772</load_address>
         <run_address>0xb772</run_address>
         <size>0x22</size>
         <input_file_ref idref="fl-4"/>
      </object_component>
      <object_component id="oc-43a">
         <name>.text:__mpyul</name>
         <load_address>0xb794</load_address>
         <run_address>0xb794</run_address>
         <size>0x22</size>
         <input_file_ref idref="fl-5d"/>
      </object_component>
      <object_component id="oc-3fc">
         <name>.text:__mpyull</name>
         <load_address>0xb7b6</load_address>
         <run_address>0xb7b6</run_address>
         <size>0x1e</size>
         <input_file_ref idref="fl-5b"/>
      </object_component>
      <object_component id="oc-10c">
         <name>.text:_c_int00_noargs</name>
         <load_address>0xb7d4</load_address>
         <run_address>0xb7d4</run_address>
         <size>0x1c</size>
         <input_file_ref idref="fl-37"/>
      </object_component>
      <object_component id="oc-1c2">
         <name>.text:ADC_init</name>
         <load_address>0xb7f0</load_address>
         <run_address>0xb7f0</run_address>
         <size>0x18</size>
         <input_file_ref idref="fl-5"/>
      </object_component>
      <object_component id="oc-291">
         <name>.text:SPI_Send</name>
         <load_address>0xb808</load_address>
         <run_address>0xb808</run_address>
         <size>0x18</size>
         <input_file_ref idref="fl-6"/>
      </object_component>
      <object_component id="oc-fa">
         <name>.text:decompress:ZI:__TI_zero_init_nomemset:__TI_zero_init_nomemset</name>
         <load_address>0xb820</load_address>
         <run_address>0xb820</run_address>
         <size>0x14</size>
         <input_file_ref idref="fl-39"/>
      </object_component>
      <object_component id="oc-36c">
         <name>.text</name>
         <load_address>0xb834</load_address>
         <run_address>0xb834</run_address>
         <size>0x14</size>
         <input_file_ref idref="fl-36"/>
      </object_component>
      <object_component id="oc-38">
         <name>.text:decompress:none:__TI_decompress_none</name>
         <load_address>0xb848</load_address>
         <run_address>0xb848</run_address>
         <size>0x12</size>
         <input_file_ref idref="fl-3f"/>
      </object_component>
      <object_component id="oc-418">
         <name>.text:l_lsr</name>
         <load_address>0xb85a</load_address>
         <run_address>0xb85a</run_address>
         <size>0x12</size>
         <input_file_ref idref="fl-55"/>
      </object_component>
      <object_component id="oc-ca">
         <name>.text:memcpy</name>
         <load_address>0xb86c</load_address>
         <run_address>0xb86c</run_address>
         <size>0x12</size>
         <input_file_ref idref="fl-51"/>
      </object_component>
      <object_component id="oc-31f">
         <name>.text:SPI_Read</name>
         <load_address>0xb87e</load_address>
         <run_address>0xb87e</run_address>
         <size>0x10</size>
         <input_file_ref idref="fl-6"/>
      </object_component>
      <object_component id="oc-ba">
         <name>.text</name>
         <load_address>0xb88e</load_address>
         <run_address>0xb88e</run_address>
         <size>0x10</size>
         <input_file_ref idref="fl-27"/>
      </object_component>
      <object_component id="oc-f4">
         <name>.text:TIMERA0</name>
         <load_address>0xb89e</load_address>
         <run_address>0xb89e</run_address>
         <size>0xe</size>
         <input_file_ref idref="fl-6"/>
      </object_component>
      <object_component id="oc-e9">
         <name>.text:_isr:__TI_ISR_TRAP</name>
         <load_address>0xb8ac</load_address>
         <run_address>0xb8ac</run_address>
         <size>0x8</size>
         <input_file_ref idref="fl-33"/>
      </object_component>
      <object_component id="oc-2ac">
         <name>.text:wait</name>
         <load_address>0xb8b4</load_address>
         <run_address>0xb8b4</run_address>
         <size>0x8</size>
         <input_file_ref idref="fl-6"/>
      </object_component>
      <object_component id="oc-2e4">
         <name>.text:__mspabi_fltud</name>
         <load_address>0xb8bc</load_address>
         <run_address>0xb8bc</run_address>
         <size>0x6</size>
         <input_file_ref idref="fl-49"/>
      </object_component>
      <object_component id="oc-242">
         <name>.text:abort</name>
         <load_address>0xb8c2</load_address>
         <run_address>0xb8c2</run_address>
         <size>0x6</size>
         <input_file_ref idref="fl-4e"/>
      </object_component>
      <object_component id="oc-168">
         <name>.text:_system_pre_init</name>
         <load_address>0xb8c8</load_address>
         <run_address>0xb8c8</run_address>
         <size>0x4</size>
         <input_file_ref idref="fl-3d"/>
      </object_component>
      <object_component id="oc-344">
         <name>.text:_system_post_cinit</name>
         <load_address>0xb8cc</load_address>
         <run_address>0xb8cc</run_address>
         <size>0x2</size>
         <input_file_ref idref="fl-3e"/>
      </object_component>
      <object_component id="oc-48e">
         <name>.cinit..data.load</name>
         <load_address>0xb944</load_address>
         <run_address>0xb944</run_address>
         <size>0x6</size>
      </object_component>
      <object_component id="oc-48b">
         <name>__TI_handler_table</name>
         <load_address>0xb94a</load_address>
         <run_address>0xb94a</run_address>
         <size>0x6</size>
      </object_component>
      <object_component id="oc-48d">
         <name>.cinit..bss.load</name>
         <load_address>0xb950</load_address>
         <run_address>0xb950</run_address>
         <size>0x4</size>
      </object_component>
      <object_component id="oc-48c">
         <name>__TI_cinit_table</name>
         <load_address>0xb954</load_address>
         <run_address>0xb954</run_address>
         <size>0x8</size>
      </object_component>
      <object_component id="oc-297">
         <name>.const:.string:CC2500_RegVal</name>
         <load_address>0xb8ce</load_address>
         <run_address>0xb8ce</run_address>
         <size>0x2f</size>
         <input_file_ref idref="fl-3"/>
      </object_component>
      <object_component id="oc-2dd">
         <name>.const:.string</name>
         <load_address>0xb8fe</load_address>
         <run_address>0xb8fe</run_address>
         <size>0x20</size>
         <input_file_ref idref="fl-4"/>
      </object_component>
      <object_component id="oc-1e6">
         <name>.const:.string</name>
         <load_address>0xb91e</load_address>
         <run_address>0xb91e</run_address>
         <size>0x1e</size>
         <input_file_ref idref="fl-2"/>
      </object_component>
      <object_component id="oc-29a">
         <name>.const:.string:PA_TABLE</name>
         <load_address>0xb93c</load_address>
         <run_address>0xb93c</run_address>
         <size>0x8</size>
         <input_file_ref idref="fl-3"/>
      </object_component>
      <object_component id="oc-44d">
         <name>.binit</name>
         <load_address>0x8000</load_address>
         <run_address>0x8000</run_address>
         <size>0x0</size>
      </object_component>
      <object_component id="oc-3e">
         <name>.int02</name>
         <load_address>0xffe4</load_address>
         <run_address>0xffe4</run_address>
         <size>0x2</size>
         <input_file_ref idref="fl-6"/>
      </object_component>
      <object_component id="oc-3f">
         <name>.int03</name>
         <load_address>0xffe6</load_address>
         <run_address>0xffe6</run_address>
         <size>0x2</size>
         <input_file_ref idref="fl-6"/>
      </object_component>
      <object_component id="oc-40">
         <name>.int05</name>
         <load_address>0xffea</load_address>
         <run_address>0xffea</run_address>
         <size>0x2</size>
         <input_file_ref idref="fl-6"/>
      </object_component>
      <object_component id="oc-41">
         <name>.int06</name>
         <load_address>0xffec</load_address>
         <run_address>0xffec</run_address>
         <size>0x2</size>
         <input_file_ref idref="fl-2d"/>
      </object_component>
      <object_component id="oc-42">
         <name>.int07</name>
         <load_address>0xffee</load_address>
         <run_address>0xffee</run_address>
         <size>0x2</size>
         <input_file_ref idref="fl-6"/>
      </object_component>
      <object_component id="oc-43">
         <name>.int08</name>
         <load_address>0xfff0</load_address>
         <run_address>0xfff0</run_address>
         <size>0x2</size>
         <input_file_ref idref="fl-2e"/>
      </object_component>
      <object_component id="oc-44">
         <name>.int09</name>
         <load_address>0xfff2</load_address>
         <run_address>0xfff2</run_address>
         <size>0x2</size>
         <input_file_ref idref="fl-6"/>
      </object_component>
      <object_component id="oc-45">
         <name>.int10</name>
         <load_address>0xfff4</load_address>
         <run_address>0xfff4</run_address>
         <size>0x2</size>
         <input_file_ref idref="fl-2f"/>
      </object_component>
      <object_component id="oc-46">
         <name>.int12</name>
         <load_address>0xfff8</load_address>
         <run_address>0xfff8</run_address>
         <size>0x2</size>
         <input_file_ref idref="fl-30"/>
      </object_component>
      <object_component id="oc-47">
         <name>.int13</name>
         <load_address>0xfffa</load_address>
         <run_address>0xfffa</run_address>
         <size>0x2</size>
         <input_file_ref idref="fl-31"/>
      </object_component>
      <object_component id="oc-48">
         <name>.int14</name>
         <load_address>0xfffc</load_address>
         <run_address>0xfffc</run_address>
         <size>0x2</size>
         <input_file_ref idref="fl-32"/>
      </object_component>
      <object_component id="oc-af">
         <name>.reset</name>
         <load_address>0xfffe</load_address>
         <run_address>0xfffe</run_address>
         <size>0x2</size>
         <input_file_ref idref="fl-37"/>
      </object_component>
      <object_component id="oc-150">
         <name>.debug_info</name>
         <load_address>0x0</load_address>
         <run_address>0x0</run_address>
         <size>0x566</size>
         <input_file_ref idref="fl-2"/>
      </object_component>
      <object_component id="oc-16f">
         <name>.debug_info</name>
         <load_address>0x566</load_address>
         <run_address>0x566</run_address>
         <size>0x492</size>
         <input_file_ref idref="fl-2"/>
      </object_component>
      <object_component id="oc-195">
         <name>.debug_info</name>
         <load_address>0x9f8</load_address>
         <run_address>0x9f8</run_address>
         <size>0xc8</size>
         <input_file_ref idref="fl-2"/>
      </object_component>
      <object_component id="oc-19a">
         <name>.debug_info</name>
         <load_address>0xac0</load_address>
         <run_address>0xac0</run_address>
         <size>0x1f6</size>
         <input_file_ref idref="fl-2"/>
      </object_component>
      <object_component id="oc-c5">
         <name>.debug_info</name>
         <load_address>0xcb6</load_address>
         <run_address>0xcb6</run_address>
         <size>0x84</size>
         <input_file_ref idref="fl-2"/>
      </object_component>
      <object_component id="oc-155">
         <name>.debug_info</name>
         <load_address>0xd3a</load_address>
         <run_address>0xd3a</run_address>
         <size>0x387</size>
         <input_file_ref idref="fl-3"/>
      </object_component>
      <object_component id="oc-29b">
         <name>.debug_info</name>
         <load_address>0x10c1</load_address>
         <run_address>0x10c1</run_address>
         <size>0xd9</size>
         <input_file_ref idref="fl-3"/>
      </object_component>
      <object_component id="oc-298">
         <name>.debug_info</name>
         <load_address>0x119a</load_address>
         <run_address>0x119a</run_address>
         <size>0xe3</size>
         <input_file_ref idref="fl-3"/>
      </object_component>
      <object_component id="oc-1d0">
         <name>.debug_info</name>
         <load_address>0x127d</load_address>
         <run_address>0x127d</run_address>
         <size>0x27f</size>
         <input_file_ref idref="fl-3"/>
      </object_component>
      <object_component id="oc-29e">
         <name>.debug_info</name>
         <load_address>0x14fc</load_address>
         <run_address>0x14fc</run_address>
         <size>0x1fa</size>
         <input_file_ref idref="fl-3"/>
      </object_component>
      <object_component id="oc-218">
         <name>.debug_info</name>
         <load_address>0x16f6</load_address>
         <run_address>0x16f6</run_address>
         <size>0x1a3</size>
         <input_file_ref idref="fl-3"/>
      </object_component>
      <object_component id="oc-21e">
         <name>.debug_info</name>
         <load_address>0x1899</load_address>
         <run_address>0x1899</run_address>
         <size>0x154</size>
         <input_file_ref idref="fl-3"/>
      </object_component>
      <object_component id="oc-237">
         <name>.debug_info</name>
         <load_address>0x19ed</load_address>
         <run_address>0x19ed</run_address>
         <size>0x1c7</size>
         <input_file_ref idref="fl-3"/>
      </object_component>
      <object_component id="oc-1db">
         <name>.debug_info</name>
         <load_address>0x1bb4</load_address>
         <run_address>0x1bb4</run_address>
         <size>0x1a2</size>
         <input_file_ref idref="fl-3"/>
      </object_component>
      <object_component id="oc-1d5">
         <name>.debug_info</name>
         <load_address>0x1d56</load_address>
         <run_address>0x1d56</run_address>
         <size>0x1c1</size>
         <input_file_ref idref="fl-3"/>
      </object_component>
      <object_component id="oc-225">
         <name>.debug_info</name>
         <load_address>0x1f17</load_address>
         <run_address>0x1f17</run_address>
         <size>0x1d9</size>
         <input_file_ref idref="fl-3"/>
      </object_component>
      <object_component id="oc-22b">
         <name>.debug_info</name>
         <load_address>0x20f0</load_address>
         <run_address>0x20f0</run_address>
         <size>0x1dc</size>
         <input_file_ref idref="fl-3"/>
      </object_component>
      <object_component id="oc-328">
         <name>.debug_info</name>
         <load_address>0x22cc</load_address>
         <run_address>0x22cc</run_address>
         <size>0x1b7</size>
         <input_file_ref idref="fl-3"/>
      </object_component>
      <object_component id="oc-23c">
         <name>.debug_info</name>
         <load_address>0x2483</load_address>
         <run_address>0x2483</run_address>
         <size>0x1a3</size>
         <input_file_ref idref="fl-3"/>
      </object_component>
      <object_component id="oc-1a5">
         <name>.debug_info</name>
         <load_address>0x2626</load_address>
         <run_address>0x2626</run_address>
         <size>0x1f6</size>
         <input_file_ref idref="fl-3"/>
      </object_component>
      <object_component id="oc-1a1">
         <name>.debug_info</name>
         <load_address>0x281c</load_address>
         <run_address>0x281c</run_address>
         <size>0x9d</size>
         <input_file_ref idref="fl-3"/>
      </object_component>
      <object_component id="oc-2c5">
         <name>.debug_info</name>
         <load_address>0x28b9</load_address>
         <run_address>0x28b9</run_address>
         <size>0x29e</size>
         <input_file_ref idref="fl-4"/>
      </object_component>
      <object_component id="oc-1be">
         <name>.debug_info</name>
         <load_address>0x2b57</load_address>
         <run_address>0x2b57</run_address>
         <size>0x150</size>
         <input_file_ref idref="fl-4"/>
      </object_component>
      <object_component id="oc-1e9">
         <name>.debug_info</name>
         <load_address>0x2ca7</load_address>
         <run_address>0x2ca7</run_address>
         <size>0x13b</size>
         <input_file_ref idref="fl-4"/>
      </object_component>
      <object_component id="oc-230">
         <name>.debug_info</name>
         <load_address>0x2de2</load_address>
         <run_address>0x2de2</run_address>
         <size>0x13f</size>
         <input_file_ref idref="fl-4"/>
      </object_component>
      <object_component id="oc-1f6">
         <name>.debug_info</name>
         <load_address>0x2f21</load_address>
         <run_address>0x2f21</run_address>
         <size>0x243</size>
         <input_file_ref idref="fl-4"/>
      </object_component>
      <object_component id="oc-38b">
         <name>.debug_info</name>
         <load_address>0x3164</load_address>
         <run_address>0x3164</run_address>
         <size>0x1f6</size>
         <input_file_ref idref="fl-4"/>
      </object_component>
      <object_component id="oc-157">
         <name>.debug_info</name>
         <load_address>0x335a</load_address>
         <run_address>0x335a</run_address>
         <size>0x201</size>
         <input_file_ref idref="fl-5"/>
      </object_component>
      <object_component id="oc-2f4">
         <name>.debug_info</name>
         <load_address>0x355b</load_address>
         <run_address>0x355b</run_address>
         <size>0x116</size>
         <input_file_ref idref="fl-5"/>
      </object_component>
      <object_component id="oc-1c3">
         <name>.debug_info</name>
         <load_address>0x3671</load_address>
         <run_address>0x3671</run_address>
         <size>0x103</size>
         <input_file_ref idref="fl-5"/>
      </object_component>
      <object_component id="oc-1fb">
         <name>.debug_info</name>
         <load_address>0x3774</load_address>
         <run_address>0x3774</run_address>
         <size>0x155</size>
         <input_file_ref idref="fl-5"/>
      </object_component>
      <object_component id="oc-2ec">
         <name>.debug_info</name>
         <load_address>0x38c9</load_address>
         <run_address>0x38c9</run_address>
         <size>0x331</size>
         <input_file_ref idref="fl-5"/>
      </object_component>
      <object_component id="oc-1e1">
         <name>.debug_info</name>
         <load_address>0x3bfa</load_address>
         <run_address>0x3bfa</run_address>
         <size>0x23b</size>
         <input_file_ref idref="fl-5"/>
      </object_component>
      <object_component id="oc-200">
         <name>.debug_info</name>
         <load_address>0x3e35</load_address>
         <run_address>0x3e35</run_address>
         <size>0x1b6</size>
         <input_file_ref idref="fl-5"/>
      </object_component>
      <object_component id="oc-206">
         <name>.debug_info</name>
         <load_address>0x3feb</load_address>
         <run_address>0x3feb</run_address>
         <size>0x34d</size>
         <input_file_ref idref="fl-5"/>
      </object_component>
      <object_component id="oc-1ac">
         <name>.debug_info</name>
         <load_address>0x4338</load_address>
         <run_address>0x4338</run_address>
         <size>0x26b</size>
         <input_file_ref idref="fl-5"/>
      </object_component>
      <object_component id="oc-281">
         <name>.debug_info</name>
         <load_address>0x45a3</load_address>
         <run_address>0x45a3</run_address>
         <size>0x282</size>
         <input_file_ref idref="fl-5"/>
      </object_component>
      <object_component id="oc-159">
         <name>.debug_info</name>
         <load_address>0x4825</load_address>
         <run_address>0x4825</run_address>
         <size>0x4e0</size>
         <input_file_ref idref="fl-6"/>
      </object_component>
      <object_component id="oc-1b9">
         <name>.debug_info</name>
         <load_address>0x4d05</load_address>
         <run_address>0x4d05</run_address>
         <size>0x10d</size>
         <input_file_ref idref="fl-6"/>
      </object_component>
      <object_component id="oc-2a8">
         <name>.debug_info</name>
         <load_address>0x4e12</load_address>
         <run_address>0x4e12</run_address>
         <size>0x138</size>
         <input_file_ref idref="fl-6"/>
      </object_component>
      <object_component id="oc-28f">
         <name>.debug_info</name>
         <load_address>0x4f4a</load_address>
         <run_address>0x4f4a</run_address>
         <size>0x124</size>
         <input_file_ref idref="fl-6"/>
      </object_component>
      <object_component id="oc-2ae">
         <name>.debug_info</name>
         <load_address>0x506e</load_address>
         <run_address>0x506e</run_address>
         <size>0x101</size>
         <input_file_ref idref="fl-6"/>
      </object_component>
      <object_component id="oc-1ca">
         <name>.debug_info</name>
         <load_address>0x516f</load_address>
         <run_address>0x516f</run_address>
         <size>0x109</size>
         <input_file_ref idref="fl-6"/>
      </object_component>
      <object_component id="oc-294">
         <name>.debug_info</name>
         <load_address>0x5278</load_address>
         <run_address>0x5278</run_address>
         <size>0x12c</size>
         <input_file_ref idref="fl-6"/>
      </object_component>
      <object_component id="oc-321">
         <name>.debug_info</name>
         <load_address>0x53a4</load_address>
         <run_address>0x53a4</run_address>
         <size>0x130</size>
         <input_file_ref idref="fl-6"/>
      </object_component>
      <object_component id="oc-d9">
         <name>.debug_info</name>
         <load_address>0x54d4</load_address>
         <run_address>0x54d4</run_address>
         <size>0x142</size>
         <input_file_ref idref="fl-6"/>
      </object_component>
      <object_component id="oc-de">
         <name>.debug_info</name>
         <load_address>0x5616</load_address>
         <run_address>0x5616</run_address>
         <size>0x10e</size>
         <input_file_ref idref="fl-6"/>
      </object_component>
      <object_component id="oc-f7">
         <name>.debug_info</name>
         <load_address>0x5724</load_address>
         <run_address>0x5724</run_address>
         <size>0x108</size>
         <input_file_ref idref="fl-6"/>
      </object_component>
      <object_component id="oc-ef">
         <name>.debug_info</name>
         <load_address>0x582c</load_address>
         <run_address>0x582c</run_address>
         <size>0x14a</size>
         <input_file_ref idref="fl-6"/>
      </object_component>
      <object_component id="oc-e6">
         <name>.debug_info</name>
         <load_address>0x5976</load_address>
         <run_address>0x5976</run_address>
         <size>0x10a</size>
         <input_file_ref idref="fl-6"/>
      </object_component>
      <object_component id="oc-30a">
         <name>.debug_info</name>
         <load_address>0x5a80</load_address>
         <run_address>0x5a80</run_address>
         <size>0x7aa</size>
         <input_file_ref idref="fl-21"/>
      </object_component>
      <object_component id="oc-425">
         <name>.debug_info</name>
         <load_address>0x622a</load_address>
         <run_address>0x622a</run_address>
         <size>0x46</size>
         <input_file_ref idref="fl-21"/>
      </object_component>
      <object_component id="oc-3b6">
         <name>.debug_info</name>
         <load_address>0x6270</load_address>
         <run_address>0x6270</run_address>
         <size>0x39</size>
         <input_file_ref idref="fl-21"/>
      </object_component>
      <object_component id="oc-2c8">
         <name>.debug_info</name>
         <load_address>0x62a9</load_address>
         <run_address>0x62a9</run_address>
         <size>0x120</size>
         <input_file_ref idref="fl-22"/>
      </object_component>
      <object_component id="oc-bc">
         <name>.debug_info</name>
         <load_address>0x63c9</load_address>
         <run_address>0x63c9</run_address>
         <size>0x12e</size>
         <input_file_ref idref="fl-27"/>
      </object_component>
      <object_component id="oc-2ff">
         <name>.debug_info</name>
         <load_address>0x64f7</load_address>
         <run_address>0x64f7</run_address>
         <size>0x121</size>
         <input_file_ref idref="fl-28"/>
      </object_component>
      <object_component id="oc-306">
         <name>.debug_info</name>
         <load_address>0x6618</load_address>
         <run_address>0x6618</run_address>
         <size>0x121</size>
         <input_file_ref idref="fl-29"/>
      </object_component>
      <object_component id="oc-2b5">
         <name>.debug_info</name>
         <load_address>0x6739</load_address>
         <run_address>0x6739</run_address>
         <size>0x12a</size>
         <input_file_ref idref="fl-2a"/>
      </object_component>
      <object_component id="oc-2fa">
         <name>.debug_info</name>
         <load_address>0x6863</load_address>
         <run_address>0x6863</run_address>
         <size>0x121</size>
         <input_file_ref idref="fl-2b"/>
      </object_component>
      <object_component id="oc-3a6">
         <name>.debug_info</name>
         <load_address>0x6984</load_address>
         <run_address>0x6984</run_address>
         <size>0x124</size>
         <input_file_ref idref="fl-2c"/>
      </object_component>
      <object_component id="oc-ec">
         <name>.debug_info</name>
         <load_address>0x6aa8</load_address>
         <run_address>0x6aa8</run_address>
         <size>0x10f</size>
         <input_file_ref idref="fl-33"/>
      </object_component>
      <object_component id="oc-b3">
         <name>.debug_info</name>
         <load_address>0x6bb7</load_address>
         <run_address>0x6bb7</run_address>
         <size>0x120</size>
         <input_file_ref idref="fl-34"/>
      </object_component>
      <object_component id="oc-b7">
         <name>.debug_info</name>
         <load_address>0x6cd7</load_address>
         <run_address>0x6cd7</run_address>
         <size>0x120</size>
         <input_file_ref idref="fl-35"/>
      </object_component>
      <object_component id="oc-36d">
         <name>.debug_info</name>
         <load_address>0x6df7</load_address>
         <run_address>0x6df7</run_address>
         <size>0x121</size>
         <input_file_ref idref="fl-36"/>
      </object_component>
      <object_component id="oc-ad">
         <name>.debug_info</name>
         <load_address>0x6f18</load_address>
         <run_address>0x6f18</run_address>
         <size>0x100</size>
         <input_file_ref idref="fl-37"/>
      </object_component>
      <object_component id="oc-10e">
         <name>.debug_info</name>
         <load_address>0x7018</load_address>
         <run_address>0x7018</run_address>
         <size>0x17a</size>
         <input_file_ref idref="fl-37"/>
      </object_component>
      <object_component id="oc-34b">
         <name>.debug_info</name>
         <load_address>0x7192</load_address>
         <run_address>0x7192</run_address>
         <size>0x3de</size>
         <input_file_ref idref="fl-38"/>
      </object_component>
      <object_component id="oc-24f">
         <name>.debug_info</name>
         <load_address>0x7570</load_address>
         <run_address>0x7570</run_address>
         <size>0x1e0</size>
         <input_file_ref idref="fl-38"/>
      </object_component>
      <object_component id="oc-3e5">
         <name>.debug_info</name>
         <load_address>0x7750</load_address>
         <run_address>0x7750</run_address>
         <size>0x39</size>
         <input_file_ref idref="fl-38"/>
      </object_component>
      <object_component id="oc-3f1">
         <name>.debug_info</name>
         <load_address>0x7789</load_address>
         <run_address>0x7789</run_address>
         <size>0x2c</size>
         <input_file_ref idref="fl-38"/>
      </object_component>
      <object_component id="oc-356">
         <name>.debug_info</name>
         <load_address>0x77b5</load_address>
         <run_address>0x77b5</run_address>
         <size>0x2c</size>
         <input_file_ref idref="fl-38"/>
      </object_component>
      <object_component id="oc-3ea">
         <name>.debug_info</name>
         <load_address>0x77e1</load_address>
         <run_address>0x77e1</run_address>
         <size>0xcd</size>
         <input_file_ref idref="fl-38"/>
      </object_component>
      <object_component id="oc-166">
         <name>.debug_info</name>
         <load_address>0x78ae</load_address>
         <run_address>0x78ae</run_address>
         <size>0x175</size>
         <input_file_ref idref="fl-39"/>
      </object_component>
      <object_component id="oc-fd">
         <name>.debug_info</name>
         <load_address>0x7a23</load_address>
         <run_address>0x7a23</run_address>
         <size>0x1d2</size>
         <input_file_ref idref="fl-39"/>
      </object_component>
      <object_component id="oc-161">
         <name>.debug_info</name>
         <load_address>0x7bf5</load_address>
         <run_address>0x7bf5</run_address>
         <size>0x46</size>
         <input_file_ref idref="fl-39"/>
      </object_component>
      <object_component id="oc-143">
         <name>.debug_info</name>
         <load_address>0x7c3b</load_address>
         <run_address>0x7c3b</run_address>
         <size>0x2c</size>
         <input_file_ref idref="fl-39"/>
      </object_component>
      <object_component id="oc-404">
         <name>.debug_info</name>
         <load_address>0x7c67</load_address>
         <run_address>0x7c67</run_address>
         <size>0x193</size>
         <input_file_ref idref="fl-3c"/>
      </object_component>
      <object_component id="oc-16b">
         <name>.debug_info</name>
         <load_address>0x7dfa</load_address>
         <run_address>0x7dfa</run_address>
         <size>0x153</size>
         <input_file_ref idref="fl-3d"/>
      </object_component>
      <object_component id="oc-346">
         <name>.debug_info</name>
         <load_address>0x7f4d</load_address>
         <run_address>0x7f4d</run_address>
         <size>0x150</size>
         <input_file_ref idref="fl-3e"/>
      </object_component>
      <object_component id="oc-d6">
         <name>.debug_info</name>
         <load_address>0x809d</load_address>
         <run_address>0x809d</run_address>
         <size>0x180</size>
         <input_file_ref idref="fl-3f"/>
      </object_component>
      <object_component id="oc-3b">
         <name>.debug_info</name>
         <load_address>0x821d</load_address>
         <run_address>0x821d</run_address>
         <size>0x1ea</size>
         <input_file_ref idref="fl-3f"/>
      </object_component>
      <object_component id="oc-d1">
         <name>.debug_info</name>
         <load_address>0x8407</load_address>
         <run_address>0x8407</run_address>
         <size>0x46</size>
         <input_file_ref idref="fl-3f"/>
      </object_component>
      <object_component id="oc-148">
         <name>.debug_info</name>
         <load_address>0x844d</load_address>
         <run_address>0x844d</run_address>
         <size>0x2c</size>
         <input_file_ref idref="fl-3f"/>
      </object_component>
      <object_component id="oc-140">
         <name>.debug_info</name>
         <load_address>0x8479</load_address>
         <run_address>0x8479</run_address>
         <size>0x176</size>
         <input_file_ref idref="fl-40"/>
      </object_component>
      <object_component id="oc-35">
         <name>.debug_info</name>
         <load_address>0x85ef</load_address>
         <run_address>0x85ef</run_address>
         <size>0x292</size>
         <input_file_ref idref="fl-40"/>
      </object_component>
      <object_component id="oc-c0">
         <name>.debug_info</name>
         <load_address>0x8881</load_address>
         <run_address>0x8881</run_address>
         <size>0x60</size>
         <input_file_ref idref="fl-40"/>
      </object_component>
      <object_component id="oc-18a">
         <name>.debug_info</name>
         <load_address>0x88e1</load_address>
         <run_address>0x88e1</run_address>
         <size>0x46</size>
         <input_file_ref idref="fl-40"/>
      </object_component>
      <object_component id="oc-13b">
         <name>.debug_info</name>
         <load_address>0x8927</load_address>
         <run_address>0x8927</run_address>
         <size>0x39</size>
         <input_file_ref idref="fl-40"/>
      </object_component>
      <object_component id="oc-31d">
         <name>.debug_info</name>
         <load_address>0x8960</load_address>
         <run_address>0x8960</run_address>
         <size>0x165</size>
         <input_file_ref idref="fl-41"/>
      </object_component>
      <object_component id="oc-212">
         <name>.debug_info</name>
         <load_address>0x8ac5</load_address>
         <run_address>0x8ac5</run_address>
         <size>0x208</size>
         <input_file_ref idref="fl-41"/>
      </object_component>
      <object_component id="oc-2d2">
         <name>.debug_info</name>
         <load_address>0x8ccd</load_address>
         <run_address>0x8ccd</run_address>
         <size>0xdb</size>
         <input_file_ref idref="fl-41"/>
      </object_component>
      <object_component id="oc-3c8">
         <name>.debug_info</name>
         <load_address>0x8da8</load_address>
         <run_address>0x8da8</run_address>
         <size>0x164</size>
         <input_file_ref idref="fl-42"/>
      </object_component>
      <object_component id="oc-310">
         <name>.debug_info</name>
         <load_address>0x8f0c</load_address>
         <run_address>0x8f0c</run_address>
         <size>0x35e</size>
         <input_file_ref idref="fl-42"/>
      </object_component>
      <object_component id="oc-2d8">
         <name>.debug_info</name>
         <load_address>0x926a</load_address>
         <run_address>0x926a</run_address>
         <size>0x1af</size>
         <input_file_ref idref="fl-43"/>
      </object_component>
      <object_component id="oc-37c">
         <name>.debug_info</name>
         <load_address>0x9419</load_address>
         <run_address>0x9419</run_address>
         <size>0x94</size>
         <input_file_ref idref="fl-43"/>
      </object_component>
      <object_component id="oc-2d1">
         <name>.debug_info</name>
         <load_address>0x94ad</load_address>
         <run_address>0x94ad</run_address>
         <size>0x165</size>
         <input_file_ref idref="fl-44"/>
      </object_component>
      <object_component id="oc-1ef">
         <name>.debug_info</name>
         <load_address>0x9612</load_address>
         <run_address>0x9612</run_address>
         <size>0x1d4</size>
         <input_file_ref idref="fl-44"/>
      </object_component>
      <object_component id="oc-388">
         <name>.debug_info</name>
         <load_address>0x97e6</load_address>
         <run_address>0x97e6</run_address>
         <size>0x1a2</size>
         <input_file_ref idref="fl-45"/>
      </object_component>
      <object_component id="oc-2be">
         <name>.debug_info</name>
         <load_address>0x9988</load_address>
         <run_address>0x9988</run_address>
         <size>0x28a</size>
         <input_file_ref idref="fl-45"/>
      </object_component>
      <object_component id="oc-2df">
         <name>.debug_info</name>
         <load_address>0x9c12</load_address>
         <run_address>0x9c12</run_address>
         <size>0x171</size>
         <input_file_ref idref="fl-46"/>
      </object_component>
      <object_component id="oc-396">
         <name>.debug_info</name>
         <load_address>0x9d83</load_address>
         <run_address>0x9d83</run_address>
         <size>0x1c0</size>
         <input_file_ref idref="fl-47"/>
      </object_component>
      <object_component id="oc-424">
         <name>.debug_info</name>
         <load_address>0x9f43</load_address>
         <run_address>0x9f43</run_address>
         <size>0x16b</size>
         <input_file_ref idref="fl-48"/>
      </object_component>
      <object_component id="oc-3b0">
         <name>.debug_info</name>
         <load_address>0xa0ae</load_address>
         <run_address>0xa0ae</run_address>
         <size>0x21b</size>
         <input_file_ref idref="fl-48"/>
      </object_component>
      <object_component id="oc-2e5">
         <name>.debug_info</name>
         <load_address>0xa2c9</load_address>
         <run_address>0xa2c9</run_address>
         <size>0x166</size>
         <input_file_ref idref="fl-49"/>
      </object_component>
      <object_component id="oc-41f">
         <name>.debug_info</name>
         <load_address>0xa42f</load_address>
         <run_address>0xa42f</run_address>
         <size>0x16b</size>
         <input_file_ref idref="fl-4a"/>
      </object_component>
      <object_component id="oc-39d">
         <name>.debug_info</name>
         <load_address>0xa59a</load_address>
         <run_address>0xa59a</run_address>
         <size>0x1e3</size>
         <input_file_ref idref="fl-4a"/>
      </object_component>
      <object_component id="oc-415">
         <name>.debug_info</name>
         <load_address>0xa77d</load_address>
         <run_address>0xa77d</run_address>
         <size>0x172</size>
         <input_file_ref idref="fl-4b"/>
      </object_component>
      <object_component id="oc-382">
         <name>.debug_info</name>
         <load_address>0xa8ef</load_address>
         <run_address>0xa8ef</run_address>
         <size>0x5cf</size>
         <input_file_ref idref="fl-4b"/>
      </object_component>
      <object_component id="oc-37b">
         <name>.debug_info</name>
         <load_address>0xaebe</load_address>
         <run_address>0xaebe</run_address>
         <size>0x197</size>
         <input_file_ref idref="fl-4c"/>
      </object_component>
      <object_component id="oc-2b9">
         <name>.debug_info</name>
         <load_address>0xb055</load_address>
         <run_address>0xb055</run_address>
         <size>0x2d2</size>
         <input_file_ref idref="fl-4c"/>
      </object_component>
      <object_component id="oc-20c">
         <name>.debug_info</name>
         <load_address>0xb327</load_address>
         <run_address>0xb327</run_address>
         <size>0x18d</size>
         <input_file_ref idref="fl-4d"/>
      </object_component>
      <object_component id="oc-245">
         <name>.debug_info</name>
         <load_address>0xb4b4</load_address>
         <run_address>0xb4b4</run_address>
         <size>0x122</size>
         <input_file_ref idref="fl-4e"/>
      </object_component>
      <object_component id="oc-142">
         <name>.debug_info</name>
         <load_address>0xb5d6</load_address>
         <run_address>0xb5d6</run_address>
         <size>0x181</size>
         <input_file_ref idref="fl-51"/>
      </object_component>
      <object_component id="oc-cb">
         <name>.debug_info</name>
         <load_address>0xb757</load_address>
         <run_address>0xb757</run_address>
         <size>0x17a</size>
         <input_file_ref idref="fl-51"/>
      </object_component>
      <object_component id="oc-3ad">
         <name>.debug_info</name>
         <load_address>0xb8d1</load_address>
         <run_address>0xb8d1</run_address>
         <size>0xfe</size>
         <input_file_ref idref="fl-52"/>
      </object_component>
      <object_component id="oc-2cc">
         <name>.debug_info</name>
         <load_address>0xb9cf</load_address>
         <run_address>0xb9cf</run_address>
         <size>0x126</size>
         <input_file_ref idref="fl-53"/>
      </object_component>
      <object_component id="oc-318">
         <name>.debug_info</name>
         <load_address>0xbaf5</load_address>
         <run_address>0xbaf5</run_address>
         <size>0x126</size>
         <input_file_ref idref="fl-54"/>
      </object_component>
      <object_component id="oc-41a">
         <name>.debug_info</name>
         <load_address>0xbc1b</load_address>
         <run_address>0xbc1b</run_address>
         <size>0x120</size>
         <input_file_ref idref="fl-55"/>
      </object_component>
      <object_component id="oc-40b">
         <name>.debug_info</name>
         <load_address>0xbd3b</load_address>
         <run_address>0xbd3b</run_address>
         <size>0x126</size>
         <input_file_ref idref="fl-55"/>
      </object_component>
      <object_component id="oc-410">
         <name>.debug_info</name>
         <load_address>0xbe61</load_address>
         <run_address>0xbe61</run_address>
         <size>0x121</size>
         <input_file_ref idref="fl-56"/>
      </object_component>
      <object_component id="oc-3bf">
         <name>.debug_info</name>
         <load_address>0xbf82</load_address>
         <run_address>0xbf82</run_address>
         <size>0x193</size>
         <input_file_ref idref="fl-58"/>
      </object_component>
      <object_component id="oc-3c5">
         <name>.debug_info</name>
         <load_address>0xc115</load_address>
         <run_address>0xc115</run_address>
         <size>0x193</size>
         <input_file_ref idref="fl-59"/>
      </object_component>
      <object_component id="oc-378">
         <name>.debug_info</name>
         <load_address>0xc2a8</load_address>
         <run_address>0xc2a8</run_address>
         <size>0x239</size>
         <input_file_ref idref="fl-5a"/>
      </object_component>
      <object_component id="oc-3fd">
         <name>.debug_info</name>
         <load_address>0xc4e1</load_address>
         <run_address>0xc4e1</run_address>
         <size>0x139</size>
         <input_file_ref idref="fl-5b"/>
      </object_component>
      <object_component id="oc-3fa">
         <name>.debug_info</name>
         <load_address>0xc61a</load_address>
         <run_address>0xc61a</run_address>
         <size>0x20b</size>
         <input_file_ref idref="fl-5c"/>
      </object_component>
      <object_component id="oc-43c">
         <name>.debug_info</name>
         <load_address>0xc825</load_address>
         <run_address>0xc825</run_address>
         <size>0x125</size>
         <input_file_ref idref="fl-5d"/>
      </object_component>
      <object_component id="oc-490">
         <name>.debug_info</name>
         <load_address>0xc94a</load_address>
         <run_address>0xc94a</run_address>
         <size>0x99</size>
      </object_component>
      <object_component id="oc-194">
         <name>.debug_line</name>
         <load_address>0x0</load_address>
         <run_address>0x0</run_address>
         <size>0xe8</size>
         <input_file_ref idref="fl-2"/>
      </object_component>
      <object_component id="oc-172">
         <name>.debug_line</name>
         <load_address>0xe8</load_address>
         <run_address>0xe8</run_address>
         <size>0x173</size>
         <input_file_ref idref="fl-2"/>
      </object_component>
      <object_component id="oc-198">
         <name>.debug_line</name>
         <load_address>0x25b</load_address>
         <run_address>0x25b</run_address>
         <size>0x3d</size>
         <input_file_ref idref="fl-2"/>
      </object_component>
      <object_component id="oc-19d">
         <name>.debug_line</name>
         <load_address>0x298</load_address>
         <run_address>0x298</run_address>
         <size>0x48</size>
         <input_file_ref idref="fl-2"/>
      </object_component>
      <object_component id="oc-c8">
         <name>.debug_line</name>
         <load_address>0x2e0</load_address>
         <run_address>0x2e0</run_address>
         <size>0x20</size>
         <input_file_ref idref="fl-2"/>
      </object_component>
      <object_component id="oc-1a0">
         <name>.debug_line</name>
         <load_address>0x300</load_address>
         <run_address>0x300</run_address>
         <size>0xdd</size>
         <input_file_ref idref="fl-3"/>
      </object_component>
      <object_component id="oc-36a">
         <name>.debug_line</name>
         <load_address>0x3dd</load_address>
         <run_address>0x3dd</run_address>
         <size>0x3d</size>
         <input_file_ref idref="fl-3"/>
      </object_component>
      <object_component id="oc-368">
         <name>.debug_line</name>
         <load_address>0x41a</load_address>
[...]
      </symbol>
      <symbol id="sm-365">
         <name>__TI_int13</name>
         <value>0xfffa</value>
         <object_component_ref idref="oc-47"/>
      </symbol>
      <symbol id="sm-368">
         <name>__TI_int14</name>
         <value>0xfffc</value>
         <object_component_ref idref="oc-48"/>
      </symbol>
      <symbol id="sm-370">
         <name>__TI_ISR_TRAP</name>
         <value>0xb8ac</value>
         <object_component_ref idref="oc-e9"/>
      </symbol>
      <symbol id="sm-378">
         <name>__mspabi_slli</name>
         <value>0xb634</value>
         <object_component_ref idref="oc-b0"/>
      </symbol>
      <symbol id="sm-379">
         <name>__mspabi_slli_9</name>
         <value>0xb64c</value>
         <object_component_ref idref="oc-b0"/>
      </symbol>
      <symbol id="sm-37a">
         <name>__mspabi_slli_8</name>
         <value>0xb64e</value>
         <object_component_ref idref="oc-b0"/>
      </symbol>
      <symbol id="sm-37b">
         <name>__mspabi_slli_7</name>
         <value>0xb650</value>
         <object_component_ref idref="oc-b0"/>
      </symbol>
      <symbol id="sm-37c">
         <name>__mspabi_slli_6</name>
         <value>0xb652</value>
         <object_component_ref idref="oc-b0"/>
      </symbol>
      <symbol id="sm-37d">
         <name>__mspabi_slli_5</name>
         <value>0xb654</value>
         <object_component_ref idref="oc-b0"/>
      </symbol>
      <symbol id="sm-37e">
         <name>__mspabi_slli_4</name>
         <value>0xb656</value>
         <object_component_ref idref="oc-b0"/>
      </symbol>
      <symbol id="sm-37f">
         <name>__mspabi_slli_3</name>
         <value>0xb658</value>
         <object_component_ref idref="oc-b0"/>
      </symbol>
      <symbol id="sm-380">
         <name>__mspabi_slli_2</name>
         <value>0xb65a</value>
         <object_component_ref idref="oc-b0"/>
      </symbol>
      <symbol id="sm-381">
         <name>__mspabi_slli_1</name>
         <value>0xb65c</value>
         <object_component_ref idref="oc-b0"/>
      </symbol>
      <symbol id="sm-382">
         <name>__mspabi_slli_15</name>
         <value>0xb640</value>
         <object_component_ref idref="oc-b0"/>
      </symbol>
      <symbol id="sm-383">
         <name>__mspabi_slli_14</name>
         <value>0xb642</value>
         <object_component_ref idref="oc-b0"/>
      </symbol>
      <symbol id="sm-384">
         <name>__mspabi_slli_13</name>
         <value>0xb644</value>
         <object_component_ref idref="oc-b0"/>
      </symbol>
      <symbol id="sm-385">
         <name>__mspabi_slli_12</name>
         <value>0xb646</value>
         <object_component_ref idref="oc-b0"/>
      </symbol>
      <symbol id="sm-386">
         <name>__mspabi_slli_11</name>
         <value>0xb648</value>
         <object_component_ref idref="oc-b0"/>
      </symbol>
      <symbol id="sm-387">
         <name>__mspabi_slli_10</name>
         <value>0xb64a</value>
         <object_component_ref idref="oc-b0"/>
      </symbol>
      <symbol id="sm-38f">
         <name>__mspabi_srli_8</name>
         <value>0xb206</value>
         <object_component_ref idref="oc-b5"/>
      </symbol>
      <symbol id="sm-390">
         <name>__mspabi_srli_9</name>
         <value>0xb202</value>
         <object_component_ref idref="oc-b5"/>
      </symbol>
      <symbol id="sm-391">
         <name>__mspabi_srli_6</name>
         <value>0xb20e</value>
         <object_component_ref idref="oc-b5"/>
      </symbol>
      <symbol id="sm-392">
         <name>__mspabi_srli_7</name>
         <value>0xb20a</value>
         <object_component_ref idref="oc-b5"/>
      </symbol>
      <symbol id="sm-393">
         <name>__mspabi_srli_4</name>
         <value>0xb216</value>
         <object_component_ref idref="oc-b5"/>
      </symbol>
      <symbol id="sm-394">
         <name>__mspabi_srli_5</name>
         <value>0xb212</value>
         <object_component_ref idref="oc-b5"/>
      </symbol>
      <symbol id="sm-395">
         <name>__mspabi_srli_2</name>
         <value>0xb21e</value>
         <object_component_ref idref="oc-b5"/>
      </symbol>
      <symbol id="sm-396">
         <name>__mspabi_srli_3</name>
         <value>0xb21a</value>
         <object_component_ref idref="oc-b5"/>
      </symbol>
      <symbol id="sm-397">
         <name>__mspabi_srli_1</name>
         <value>0xb222</value>
         <object_component_ref idref="oc-b5"/>
      </symbol>
      <symbol id="sm-398">
         <name>__mspabi_srli</name>
         <value>0xb1dc</value>
         <object_component_ref idref="oc-b5"/>
      </symbol>
      <symbol id="sm-399">
         <name>__mspabi_srli_15</name>
         <value>0xb1ea</value>
         <object_component_ref idref="oc-b5"/>
      </symbol>
      <symbol id="sm-39a">
         <name>__mspabi_srli_14</name>
         <value>0xb1ee</value>
         <object_component_ref idref="oc-b5"/>
      </symbol>
      <symbol id="sm-39b">
         <name>__mspabi_srli_13</name>
         <value>0xb1f2</value>
         <object_component_ref idref="oc-b5"/>
      </symbol>
      <symbol id="sm-39c">
         <name>__mspabi_srli_12</name>
         <value>0xb1f6</value>
         <object_component_ref idref="oc-b5"/>
      </symbol>
      <symbol id="sm-39d">
         <name>__mspabi_srli_11</name>
         <value>0xb1fa</value>
         <object_component_ref idref="oc-b5"/>
      </symbol>
      <symbol id="sm-39e">
         <name>__mspabi_srli_10</name>
         <value>0xb1fe</value>
         <object_component_ref idref="oc-b5"/>
      </symbol>
      <symbol id="sm-3a8">
         <name>__mspabi_mpyi_sw</name>
         <value>0xb834</value>
         <object_component_ref idref="oc-36c"/>
      </symbol>
      <symbol id="sm-3a9">
         <name>__mspabi_mpyi</name>
         <value>0xb834</value>
         <object_component_ref idref="oc-36c"/>
      </symbol>
      <symbol id="sm-3b9">
         <name>_stack</name>
         <value>0x5b0</value>
         <object_component_ref idref="oc-ac"/>
      </symbol>
      <symbol id="sm-3ba">
         <name>_c_int00_noargs</name>
         <value>0xb7d4</value>
         <object_component_ref idref="oc-10c"/>
      </symbol>
      <symbol id="sm-3bb">
         <name>_reset_vector</name>
         <value>0xfffe</value>
         <object_component_ref idref="oc-af"/>
      </symbol>
      <symbol id="sm-3dd">
         <name>__TI_auto_init_nobinit_nopinit</name>
         <value>0xb33e</value>
         <object_component_ref idref="oc-24e"/>
      </symbol>
      <symbol id="sm-3f5">
         <name>__TI_zero_init_nomemset</name>
         <value>0xb820</value>
         <object_component_ref idref="oc-fa"/>
      </symbol>
      <symbol id="sm-404">
         <name>__mspabi_srlll</name>
         <value>0xb272</value>
         <object_component_ref idref="oc-401"/>
      </symbol>
      <symbol id="sm-40d">
         <name>_system_pre_init</name>
         <value>0xb8c8</value>
         <object_component_ref idref="oc-168"/>
      </symbol>
      <symbol id="sm-416">
         <name>_system_post_cinit</name>
         <value>0xb8cc</value>
         <object_component_ref idref="oc-344"/>
      </symbol>
      <symbol id="sm-42c">
         <name>__TI_decompress_none</name>
         <value>0xb848</value>
         <object_component_ref idref="oc-38"/>
      </symbol>
      <symbol id="sm-44f">
         <name>__TI_decompress_lzss</name>
         <value>0xad26</value>
         <object_component_ref idref="oc-32"/>
      </symbol>
      <symbol id="sm-469">
         <name>__mspabi_cvtdf</name>
         <value>0xa8fc</value>
         <object_component_ref idref="oc-211"/>
      </symbol>
      <symbol id="sm-4a3">
         <name>__mspabi_addd</name>
         <value>0x8000</value>
         <object_component_ref idref="oc-30f"/>
      </symbol>
      <symbol id="sm-4c2">
         <name>__mspabi_cmpd</name>
         <value>0xa75c</value>
         <object_component_ref idref="oc-2d7"/>
      </symbol>
      <symbol id="sm-4d3">
         <name>__mspabi_cvtfd</name>
         <value>0xafee</value>
         <object_component_ref idref="oc-1ed"/>
      </symbol>
      <symbol id="sm-4f4">
         <name>__mspabi_divd</name>
         <value>0x9c10</value>
         <object_component_ref idref="oc-2bd"/>
      </symbol>
      <symbol id="sm-501">
         <name>__mspabi_fixdi</name>
         <value>0xb6de</value>
         <object_component_ref idref="oc-2de"/>
      </symbol>
      <symbol id="sm-510">
         <name>__mspabi_fixdli</name>
         <value>0xaf7c</value>
         <object_component_ref idref="oc-395"/>
      </symbol>
      <symbol id="sm-527">
         <name>__mspabi_fltlid</name>
         <value>0xa9b0</value>
         <object_component_ref idref="oc-3af"/>
      </symbol>
      <symbol id="sm-530">
         <name>__mspabi_fltud</name>
         <value>0xb8bc</value>
         <object_component_ref idref="oc-2e4"/>
      </symbol>
      <symbol id="sm-545">
         <name>__mspabi_fltuld</name>
         <value>0xac20</value>
         <object_component_ref idref="oc-39c"/>
      </symbol>
      <symbol id="sm-560">
         <name>__TI_frcdivd</name>
         <value>0x929e</value>
         <object_component_ref idref="oc-381"/>
      </symbol>
      <symbol id="sm-586">
         <name>__mspabi_mpyd</name>
         <value>0x9716</value>
         <object_component_ref idref="oc-2b7"/>
      </symbol>
      <symbol id="sm-58f">
         <name>__mspabi_subd</name>
         <value>0xb5da</value>
         <object_component_ref idref="oc-20b"/>
      </symbol>
      <symbol id="sm-599">
         <name>C$$EXIT</name>
         <value>0xb8c2</value>
         <object_component_ref idref="oc-242"/>
      </symbol>
      <symbol id="sm-59a">
         <name>abort</name>
         <value>0xb8c2</value>
         <object_component_ref idref="oc-242"/>
      </symbol>
      <symbol id="sm-5aa">
         <name>memcpy</name>
         <value>0xb86c</value>
         <object_component_ref idref="oc-ca"/>
      </symbol>
      <symbol id="sm-5b1">
         <name>errno</name>
         <value>0x228</value>
         <object_component_ref idref="oc-3ac"/>
      </symbol>
      <symbol id="sm-5b9">
         <name>__mspabi_sral_15</name>
         <value>0xb380</value>
         <object_component_ref idref="oc-2cb"/>
      </symbol>
      <symbol id="sm-5ba">
         <name>__mspabi_sral_14</name>
         <value>0xb384</value>
         <object_component_ref idref="oc-2cb"/>
      </symbol>
      <symbol id="sm-5bb">
         <name>__mspabi_sral_13</name>
         <value>0xb388</value>
         <object_component_ref idref="oc-2cb"/>
      </symbol>
      <symbol id="sm-5bc">
         <name>__mspabi_sral_12</name>
         <value>0xb38c</value>
         <object_component_ref idref="oc-2cb"/>
      </symbol>
      <symbol id="sm-5bd">
         <name>__mspabi_sral_11</name>
         <value>0xb390</value>
         <object_component_ref idref="oc-2cb"/>
      </symbol>
      <symbol id="sm-5be">
         <name>__mspabi_sral_10</name>
         <value>0xb394</value>
         <object_component_ref idref="oc-2cb"/>
      </symbol>
      <symbol id="sm-5bf">
         <name>__mspabi_sral_8</name>
         <value>0xb39c</value>
         <object_component_ref idref="oc-2cb"/>
      </symbol>
      <symbol id="sm-5c0">
         <name>__mspabi_sral_9</name>
         <value>0xb398</value>
         <object_component_ref idref="oc-2cb"/>
      </symbol>
      <symbol id="sm-5c1">
         <name>__mspabi_sral_6</name>
         <value>0xb3a4</value>
         <object_component_ref idref="oc-2cb"/>
      </symbol>
      <symbol id="sm-5c2">
         <name>__mspabi_sral_7</name>
         <value>0xb3a0</value>
         <object_component_ref idref="oc-2cb"/>
      </symbol>
      <symbol id="sm-5c3">
         <name>__mspabi_sral_4</name>
         <value>0xb3ac</value>
         <object_component_ref idref="oc-2cb"/>
      </symbol>
      <symbol id="sm-5c4">
         <name>__mspabi_sral_5</name>
         <value>0xb3a8</value>
         <object_component_ref idref="oc-2cb"/>
      </symbol>
      <symbol id="sm-5c5">
         <name>__mspabi_sral_2</name>
         <value>0xb3b4</value>
         <object_component_ref idref="oc-2cb"/>
      </symbol>
      <symbol id="sm-5c6">
         <name>__mspabi_sral_3</name>
         <value>0xb3b0</value>
         <object_component_ref idref="oc-2cb"/>
      </symbol>
      <symbol id="sm-5c7">
         <name>__mspabi_sral_1</name>
         <value>0xb3b8</value>
         <object_component_ref idref="oc-2cb"/>
      </symbol>
      <symbol id="sm-5cf">
         <name>__mspabi_slll_9</name>
         <value>0xb3d6</value>
         <object_component_ref idref="oc-317"/>
      </symbol>
      <symbol id="sm-5d0">
         <name>__mspabi_slll_8</name>
         <value>0xb3da</value>
         <object_component_ref idref="oc-317"/>
      </symbol>
      <symbol id="sm-5d1">
         <name>__mspabi_slll_7</name>
         <value>0xb3de</value>
         <object_component_ref idref="oc-317"/>
      </symbol>
      <symbol id="sm-5d2">
         <name>__mspabi_slll_6</name>
         <value>0xb3e2</value>
         <object_component_ref idref="oc-317"/>
      </symbol>
      <symbol id="sm-5d3">
         <name>__mspabi_slll_5</name>
         <value>0xb3e6</value>
         <object_component_ref idref="oc-317"/>
      </symbol>
      <symbol id="sm-5d4">
         <name>__mspabi_slll_4</name>
         <value>0xb3ea</value>
         <object_component_ref idref="oc-317"/>
      </symbol>
      <symbol id="sm-5d5">
         <name>__mspabi_slll_3</name>
         <value>0xb3ee</value>
         <object_component_ref idref="oc-317"/>
      </symbol>
      <symbol id="sm-5d6">
         <name>__mspabi_slll_2</name>
         <value>0xb3f2</value>
         <object_component_ref idref="oc-317"/>
      </symbol>
      <symbol id="sm-5d7">
         <name>__mspabi_slll_1</name>
         <value>0xb3f6</value>
         <object_component_ref idref="oc-317"/>
      </symbol>
      <symbol id="sm-5d8">
         <name>__mspabi_slll_15</name>
         <value>0xb3be</value>
         <object_component_ref idref="oc-317"/>
      </symbol>
      <symbol id="sm-5d9">
         <name>__mspabi_slll_14</name>
         <value>0xb3c2</value>
         <object_component_ref idref="oc-317"/>
      </symbol>
      <symbol id="sm-5da">
         <name>__mspabi_slll_13</name>
         <value>0xb3c6</value>
         <object_component_ref idref="oc-317"/>
      </symbol>
      <symbol id="sm-5db">
         <name>__mspabi_slll_12</name>
         <value>0xb3ca</value>
         <object_component_ref idref="oc-317"/>
      </symbol>
      <symbol id="sm-5dc">
         <name>__mspabi_slll_11</name>
         <value>0xb3ce</value>
         <object_component_ref idref="oc-317"/>
      </symbol>
      <symbol id="sm-5dd">
         <name>__mspabi_slll_10</name>
         <value>0xb3d2</value>
         <object_component_ref idref="oc-317"/>
      </symbol>
      <symbol id="sm-5ed">
         <name>__mspabi_srll_8</name>
         <value>0xb15c</value>
         <object_component_ref idref="oc-40a"/>
      </symbol>
      <symbol id="sm-5ee">
         <name>__mspabi_srll_9</name>
         <value>0xb156</value>
         <object_component_ref idref="oc-40a"/>
      </symbol>
      <symbol id="sm-5ef">
         <name>__mspabi_srll_6</name>
         <value>0xb168</value>
         <object_component_ref idref="oc-40a"/>
      </symbol>
      <symbol id="sm-5f0">
         <name>__mspabi_srll_7</name>
         <value>0xb162</value>
         <object_component_ref idref="oc-40a"/>
      </symbol>
      <symbol id="sm-5f1">
         <name>__mspabi_srll_4</name>
         <value>0xb174</value>
         <object_component_ref idref="oc-40a"/>
      </symbol>
      <symbol id="sm-5f2">
         <name>__mspabi_srll_5</name>
         <value>0xb16e</value>
         <object_component_ref idref="oc-40a"/>
      </symbol>
      <symbol id="sm-5f3">
         <name>__mspabi_srll_2</name>
         <value>0xb180</value>
         <object_component_ref idref="oc-40a"/>
      </symbol>
      <symbol id="sm-5f4">
         <name>__mspabi_srll_3</name>
         <value>0xb17a</value>
         <object_component_ref idref="oc-40a"/>
      </symbol>
      <symbol id="sm-5f5">
         <name>__mspabi_srll_1</name>
         <value>0xb186</value>
         <object_component_ref idref="oc-40a"/>
      </symbol>
      <symbol id="sm-5f6">
         <name>__mspabi_srll_15</name>
         <value>0xb132</value>
         <object_component_ref idref="oc-40a"/>
      </symbol>
      <symbol id="sm-5f7">
         <name>__mspabi_srll_14</name>
         <value>0xb138</value>
         <object_component_ref idref="oc-40a"/>
      </symbol>
      <symbol id="sm-5f8">
         <name>__mspabi_srll_13</name>
         <value>0xb13e</value>
         <object_component_ref idref="oc-40a"/>
      </symbol>
      <symbol id="sm-5f9">
         <name>__mspabi_srll_12</name>
         <value>0xb144</value>
         <object_component_ref idref="oc-40a"/>
      </symbol>
      <symbol id="sm-5fa">
         <name>__mspabi_srll_11</name>
         <value>0xb14a</value>
         <object_component_ref idref="oc-40a"/>
      </symbol>
      <symbol id="sm-5fb">
         <name>__mspabi_srll_10</name>
         <value>0xb150</value>
         <object_component_ref idref="oc-40a"/>
      </symbol>
      <symbol id="sm-5fc">
         <name>__mspabi_srll</name>
         <value>0xb85a</value>
         <object_component_ref idref="oc-418"/>
      </symbol>
      <symbol id="sm-606">
         <name>__mspabi_mpyl_sw</name>
         <value>0xb706</value>
         <object_component_ref idref="oc-40f"/>
      </symbol>
      <symbol id="sm-607">
         <name>__mspabi_mpyl</name>
         <value>0xb706</value>
         <object_component_ref idref="oc-40f"/>
      </symbol>
      <symbol id="sm-615">
         <name>__mspabi_srall</name>
         <value>0xb228</value>
         <object_component_ref idref="oc-3bb"/>
      </symbol>
      <symbol id="sm-622">
         <name>__mspabi_sllll</name>
         <value>0xb2b8</value>
         <object_component_ref idref="oc-3c1"/>
      </symbol>
      <symbol id="sm-62d">
         <name>__TI_frcmpyd</name>
         <value>0xa18a</value>
         <object_component_ref idref="oc-374"/>
      </symbol>
      <symbol id="sm-635">
         <name>__mspabi_mpyull_sw</name>
         <value>0xb7b6</value>
         <object_component_ref idref="oc-3fc"/>
      </symbol>
      <symbol id="sm-636">
         <name>__mspabi_mpyull</name>
         <value>0xb7b6</value>
         <object_component_ref idref="oc-3fc"/>
      </symbol>
      <symbol id="sm-63e">
         <name>__mspabi_mpyll</name>
         <value>0xa56c</value>
         <object_component_ref idref="oc-3f7"/>
      </symbol>
      <symbol id="sm-63f">
         <name>__mspabi_mpyll_sw</name>
         <value>0xa56c</value>
         <object_component_ref idref="oc-3f7"/>
      </symbol>
      <symbol id="sm-64a">
         <name>__mspabi_mpyul_sw</name>
         <value>0xb794</value>
         <object_component_ref idref="oc-43a"/>
      </symbol>
      <symbol id="sm-64b">
         <name>__mspabi_mpyul</name>
         <value>0xb794</value>
         <object_component_ref idref="oc-43a"/>
      </symbol>
   </symbol_table>
   <title>Link successful</title>
</link_info>
