******************************************************************************
                  MSP430 Linker PC v21.6.1                     
******************************************************************************
>> Linked Tue Dec 10 22:18:17 2024

OUTPUT FILE NAME:   <LIT_ADC.out>
ENTRY POINT SYMBOL: "_c_int00_noargs"  address: 0000b7d4


MEMORY CONFIGURATION

         name            origin    length      used     unused   attr    fill
----------------------  --------  ---------  --------  --------  ----  --------
  SFR                   00000000   00000010  00000000  00000010  RWIX
  PERIPHERALS_8BIT      00000010   000000f0  00000000  000000f0  RWIX
  PERIPHERALS_16BIT     00000100   00000100  00000000  00000100  RWIX
  RAM                   00000200   00000400  00000079  00000387  RWIX
  INFOD                 00001000   00000040  00000000  00000040  RWIX
  INFOC                 00001040   00000040  00000000  00000040  RWIX
  INFOB                 00001080   00000040  00000000  00000040  RWIX
  INFOA                 000010c0   00000040  00000000  00000040  RWIX
  FLASH                 00008000   00007fde  0000395c  00004682  RWIX
  BSLSIGNATURE          0000ffde   00000002  00000002  00000000  RWIX  ffff 
  INT00                 0000ffe0   00000002  00000000  00000002  RWIX
  INT01                 0000ffe2   00000002  00000000  00000002  RWIX
  INT02                 0000ffe4   00000002  00000002  00000000  RWIX
  INT03                 0000ffe6   00000002  00000002  00000000  RWIX
  INT04                 0000ffe8   00000002  00000000  00000002  RWIX
  INT05                 0000ffea   00000002  00000002  00000000  RWIX
  INT06                 0000ffec   00000002  00000002  00000000  RWIX
  INT07                 0000ffee   00000002  00000002  00000000  RWIX
  INT08                 0000fff0   00000002  00000002  00000000  RWIX
  INT09                 0000fff2   00000002  00000002  00000000  RWIX
  INT10                 0000fff4   00000002  00000002  00000000  RWIX
  INT11                 0000fff6   00000002  00000000  00000002  RWIX
  INT12                 0000fff8   00000002  00000002  00000000  RWIX
  INT13                 0000fffa   00000002  00000002  00000000  RWIX
  INT14                 0000fffc   00000002  00000002  00000000  RWIX
  RESET                 0000fffe   00000002  00000002  00000000  RWIX


SECTION ALLOCATION MAP

 output                                  attributes/
section   page    origin      length       input sections
--------  ----  ----------  ----------   ----------------
.bss       0    00000200    00000027     UNINITIALIZED
                  00000200    00000012     (.common:UART_TxBuf)
                  00000212    00000010     (.common:UART_RxBuf)
                  00000222    00000002     (.common:Status)
                  00000224    00000002     (.common:adcStatus)
                  00000226    00000001     (.common:_cc2500_status)

.data      0    00000228    00000002     UNINITIALIZED
                  00000228    00000002     rts430_eabi.lib : errno.c.obj (.data)

.stack     0    000005b0    00000050     UNINITIALIZED
                  000005b0    00000002     rts430_eabi.lib : boot.c.obj (.stack)
                  000005b2    0000004e     --HOLE--

.text      0    00008000    000038ce     
                  00008000    00000736     rts430_eabi.lib : addd.c.obj (.text:__mspabi_addd)
                  00008736    0000063c                     : e_log.c.obj (.text:log)
                  00008d72    0000052c     main.obj (.text:main)
                  0000929e    00000478     rts430_eabi.lib : frcdivd.c.obj (.text:__TI_frcdivd)
                  00009716    000002c0                     : mpyd.c.obj (.text:__mspabi_mpyd)
                  000099d6    0000023a     uart.obj (.text:FToA)
                  00009c10    00000232     rts430_eabi.lib : divd.c.obj (.text:__mspabi_divd)
                  00009e42    000001c0     adc.obj (.text:ADC_SetSHTime)
                  0000a002    00000188     adc.obj (.text:convert_RtoTemp)
                  0000a18a    00000172     rts430_eabi.lib : frcmpyd.c.obj (.text:__TI_frcmpyd)
                  0000a2fc    0000013e     cc2500.obj (.text:CC_Init)
                  0000a43a    00000132     rts430_eabi.lib : fs_add.asm.obj (.text)
                  0000a56c    00000114                     : mult64.asm.obj (.text:__mpyll)
                  0000a680    000000dc     adc.obj (.text:ADC_GetInternalTemp)
                  0000a75c    000000dc     rts430_eabi.lib : cmpd.c.obj (.text:__mspabi_cmpd)
                  0000a838    000000c4                     : fs_mpy.asm.obj (.text)
                  0000a8fc    000000b4                     : cvtdf.c.obj (.text:__mspabi_cvtdf)
                  0000a9b0    000000ac                     : fltlid.c.obj (.text:__mspabi_fltlid)
                  0000aa5c    0000009e     adc.obj (.text:ADC_SetChannel)
                  0000aafa    0000009c     rts430_eabi.lib : fs_div.asm.obj (.text)
                  0000ab96    0000008a     cc2500.obj (.text:_CC_FifoAccess)
                  0000ac20    0000008a     rts430_eabi.lib : fltuld.c.obj (.text:__mspabi_fltuld)
                  0000acaa    0000007c     adc.obj (.text:ADC_GetR2)
                  0000ad26    0000007c     rts430_eabi.lib : copy_decompress_lzss.c.obj (.text:decompress:lzss:__TI_decompress_lzss)
                  0000ada2    0000007a     cc2500.obj (.text:CC_WriteReg)
                  0000ae1c    00000076     cc2500.obj (.text:CC_SetWaitState)
                  0000ae92    00000076     uart.obj (.text:UART_Init)
                  0000af08    00000074     board.obj (.text:UART_Rx)
                  0000af7c    00000072     rts430_eabi.lib : fixdli.c.obj (.text:__mspabi_fixdli)
                  0000afee    00000070                     : cvtfd.c.obj (.text:__mspabi_cvtfd)
                  0000b05e    0000006c     cc2500.obj (.text:CC_SendMessage)
                  0000b0ca    00000068     cc2500.obj (.text:CC_ReadMessage)
                  0000b132    0000005c     rts430_eabi.lib : lsr32.asm.obj (.text:l_lsr_const)
                  0000b18e    0000004e     cc2500.obj (.text:CC_CheckERROR)
                  0000b1dc    0000004c     rts430_eabi.lib : lsr16.asm.obj (.text)
                  0000b228    0000004a                     : asr64.c.obj (.text:__mspabi_srall)
                  0000b272    00000046                     : lsr64.c.obj (.text:__mspabi_srlll)
                  0000b2b8    00000044                     : lsl64.c.obj (.text:__mspabi_sllll)
                  0000b2fc    00000042     cc2500.obj (.text:CC_SetAddress)
                  0000b33e    00000042     rts430_eabi.lib : autoinit.c.obj (.text:__TI_auto_init_nobinit_nopinit:__TI_auto_init_nobinit_nopinit)
                  0000b380    0000003e                     : asr32.asm.obj (.text:l_asr_const)
                  0000b3be    0000003e                     : lsl32.asm.obj (.text:l_lsl_const)
                  0000b3fc    0000003c     board.obj (.text:board_init)
                  0000b438    0000003a     cc2500.obj (.text:CC_ReadReg)
                  0000b472    0000003a     uart.obj (.text:SerialWriteln)
                  0000b4ac    00000038     cc2500.obj (.text:CC_SetChannel)
                  0000b4e4    00000036     rts430_eabi.lib : fs_itof.asm.obj (.text)
                  0000b51a    00000034     board.obj (.text:delay_ms)
                  0000b54e    00000030     board.obj (.text:delay_us)
                  0000b57e    0000002e     board.obj (.text:Port1_ISR)
                  0000b5ac    0000002e     board.obj (.text:SPI_Init)
                  0000b5da    0000002e     rts430_eabi.lib : subd.c.obj (.text:__mspabi_subd)
                  0000b608    0000002c                     : asr16.asm.obj (.text)
                  0000b634    0000002c                     : lsl16.asm.obj (.text)
                  0000b660    0000002a     board.obj (.text:ADC_Done)
                  0000b68a    0000002a     cc2500.obj (.text:CC_Strobe)
                  0000b6b4    0000002a     board.obj (.text:Port_2_ISR)
                  0000b6de    00000028     rts430_eabi.lib : fixdi.c.obj (.text:__mspabi_fixdi)
                  0000b706    00000026                     : mult32.asm.obj (.text)
                  0000b72c    00000024                     : fs_utof.asm.obj (.text)
                  0000b750    00000022     adc.obj (.text:ADC_getVal)
                  0000b772    00000022     uart.obj (.text:SerialWrite)
                  0000b794    00000022     rts430_eabi.lib : mult1632.asm.obj (.text:__mpyul)
                  0000b7b6    0000001e                     : mult3264.asm.obj (.text:__mpyull)
                  0000b7d4    0000001c                     : boot.c.obj (.text:_c_int00_noargs)
                  0000b7f0    00000018     adc.obj (.text:ADC_init)
                  0000b808    00000018     board.obj (.text:SPI_Send)
                  0000b820    00000014     rts430_eabi.lib : copy_zero_init.c.obj (.text:decompress:ZI:__TI_zero_init_nomemset:__TI_zero_init_nomemset)
                  0000b834    00000014                     : mult16.asm.obj (.text)
                  0000b848    00000012                     : copy_decompress_none.c.obj (.text:decompress:none:__TI_decompress_none)
                  0000b85a    00000012                     : lsr32.asm.obj (.text:l_lsr)
                  0000b86c    00000012                     : memcpy.c.obj (.text:memcpy)
                  0000b87e    00000010     board.obj (.text:SPI_Read)
                  0000b88e    00000010     rts430_eabi.lib : epilog.asm.obj (.text)
                  0000b89e    0000000e     board.obj (.text:TIMERA0)
                  0000b8ac    00000008     rts430_eabi.lib : isr_trap.asm.obj (.text:_isr:__TI_ISR_TRAP)
                  0000b8b4    00000008     board.obj (.text:wait)
                  0000b8bc    00000006     rts430_eabi.lib : fltud.c.obj (.text:__mspabi_fltud)
                  0000b8c2    00000006                     : exit.c.obj (.text:abort)
                  0000b8c8    00000004                     : pre_init.c.obj (.text:_system_pre_init)
                  0000b8cc    00000002                     : startup.c.obj (.text:_system_post_cinit)

.const     0    0000b8ce    00000076     
                  0000b8ce    0000002f     cc2500.obj (.const:.string:CC2500_RegVal)
                  0000b8fd    00000001     --HOLE-- [fill = 0]
                  0000b8fe    00000020     uart.obj (.const:.string)
                  0000b91e    0000001e     main.obj (.const:.string)
                  0000b93c    00000008     cc2500.obj (.const:.string:PA_TABLE)

.cinit     0    0000b944    00000018     
                  0000b944    00000006     (.cinit..data.load) [load image]
                  0000b94a    00000006     (__TI_handler_table)
                  0000b950    00000004     (.cinit..bss.load) [load image, compression = zero_init]
                  0000b954    00000008     (__TI_cinit_table)

.binit     0    00008000    00000000     

.init_array 
*          0    00008000    00000000     UNINITIALIZED

PORT1      0    0000ffe4    00000002     
                  0000ffe4    00000002     board.obj (.int02)

PORT2      0    0000ffe6    00000002     
                  0000ffe6    00000002     board.obj (.int03)

ADC10      0    0000ffea    00000002     
                  0000ffea    00000002     board.obj (.int05)

USCIAB0TX 
*          0    0000ffec    00000002     
                  0000ffec    00000002     rts430_eabi.lib : int06.asm.obj (.int06)

USCIAB0RX 
*          0    0000ffee    00000002     
                  0000ffee    00000002     board.obj (.int07)

TIMERA1    0    0000fff0    00000002     
                  0000fff0    00000002     rts430_eabi.lib : int08.asm.obj (.int08)

TIMERA0    0    0000fff2    00000002     
                  0000fff2    00000002     board.obj (.int09)

WDT        0    0000fff4    00000002     
                  0000fff4    00000002     rts430_eabi.lib : int10.asm.obj (.int10)

TIMERB1    0    0000fff8    00000002     
                  0000fff8    00000002     rts430_eabi.lib : int12.asm.obj (.int12)

TIMERB0    0    0000fffa    00000002     
                  0000fffa    00000002     rts430_eabi.lib : int13.asm.obj (.int13)

NMI        0    0000fffc    00000002     
                  0000fffc    00000002     rts430_eabi.lib : int14.asm.obj (.int14)

.reset     0    0000fffe    00000002     
                  0000fffe    00000002     rts430_eabi.lib : boot.c.obj (.reset)

$fill000   0    0000ffde    00000002     
                  0000ffde    00000002     --HOLE-- [fill = ffff]

MODULE SUMMARY

       Module                       code    ro data   rw data
       ------                       ----    -------   -------
    .\
       main.obj                     1324    30        38     
    +--+----------------------------+-------+---------+---------+
       Total:                       1324    30        38     
                                                             
    .\Communication\
       cc2500.obj                   1208    55        1      
       uart.obj                     780     32        0      
    +--+----------------------------+-------+---------+---------+
       Total:                       1988    87        1      
                                                             
    .\utils\
       adc.obj                      1400    0         0      
       board.obj                    514     10        0      
    +--+----------------------------+-------+---------+---------+
       Total:                       1914    10        0      
                                                             
    C:\ti\ccs1210\ccs\tools\compiler\ti-cgt-msp430_21.6.1.LTS\lib\rts430_eabi.lib
       addd.c.obj                   1846    0         0      
       e_log.c.obj                  1596    0         0      
       frcdivd.c.obj                1144    0         0      
       mpyd.c.obj                   704     0         0      
       divd.c.obj                   562     0         0      
       frcmpyd.c.obj                370     0         0      
       fs_add.asm.obj               306     0         0      
       mult64.asm.obj               276     0         0      
       cmpd.c.obj                   220     0         0      
       fs_mpy.asm.obj               196     0         0      
       cvtdf.c.obj                  180     0         0      
       fltlid.c.obj                 172     0         0      
       fs_div.asm.obj               156     0         0      
       fltuld.c.obj                 138     0         0      
       copy_decompress_lzss.c.obj   124     0         0      
       fixdli.c.obj                 114     0         0      
       cvtfd.c.obj                  112     0         0      
       lsr32.asm.obj                110     0         0      
       lsr16.asm.obj                76      0         0      
       asr64.c.obj                  74      0         0      
       lsr64.c.obj                  70      0         0      
       lsl64.c.obj                  68      0         0      
       autoinit.c.obj               66      0         0      
       asr32.asm.obj                62      0         0      
       lsl32.asm.obj                62      0         0      
       fs_itof.asm.obj              54      0         0      
       subd.c.obj                   46      0         0      
       asr16.asm.obj                44      0         0      
       lsl16.asm.obj                44      0         0      
       fixdi.c.obj                  40      0         0      
       mult32.asm.obj               38      0         0      
       fs_utof.asm.obj              36      0         0      
       mult1632.asm.obj             34      0         0      
       boot.c.obj                   28      2         0      
       mult3264.asm.obj             30      0         0      
       copy_zero_init.c.obj         20      0         0      
       mult16.asm.obj               20      0         0      
       copy_decompress_none.c.obj   18      0         0      
       memcpy.c.obj                 18      0         0      
       epilog.asm.obj               16      0         0      
       isr_trap.asm.obj             8       0         0      
       exit.c.obj                   6       0         0      
       fltud.c.obj                  6       0         0      
       pre_init.c.obj               4       0         0      
       errno.c.obj                  0       0         2      
       int06.asm.obj                0       2         0      
       int08.asm.obj                0       2         0      
       int10.asm.obj                0       2         0      
       int12.asm.obj                0       2         0      
       int13.asm.obj                0       2         0      
       int14.asm.obj                0       2         0      
       startup.c.obj                2       0         0      
    +--+----------------------------+-------+---------+---------+
       Total:                       9316    14        2      
                                                             
       Stack:                       0       0         80     
       Linker Generated:            0       24        0      
    +--+----------------------------+-------+---------+---------+
       Grand Total:                 14542   165       121    


LINKER GENERATED COPY TABLES

__TI_cinit_table @ 0000b954 records: 2, size/record: 4, table size: 8
	.data: load addr=0000b944, load size=00000006 bytes, run addr=00000228, run size=00000002 bytes, compression=copy
	.bss: load addr=0000b950, load size=00000004 bytes, run addr=00000200, run size=00000027 bytes, compression=zero_init


LINKER GENERATED HANDLER TABLE

__TI_handler_table @ 0000b94a records: 3, size/record: 2, table size: 6
	index: 0, handler: __TI_zero_init
	index: 1, handler: __TI_decompress_lzss
	index: 2, handler: __TI_decompress_none


GLOBAL SYMBOLS: SORTED ALPHABETICALLY BY Name 

address   name                          
-------   ----                          
0000004a  ADC10AE0                      
0000004b  ADC10AE1                      
000001b0  ADC10CTL0                     
000001b2  ADC10CTL1                     
00000048  ADC10DTC0                     
00000049  ADC10DTC1                     
000001b4  ADC10MEM                      
000001bc  ADC10SA                       
0000b660  ADC_Done                      
0000a680  ADC_GetInternalTemp           
0000acaa  ADC_GetR2                     
0000aa5c  ADC_SetChannel                
00009e42  ADC_SetSHTime                 
0000b750  ADC_getVal                    
0000b7f0  ADC_init                      
00000057  BCSCTL1                       
00000058  BCSCTL2                       
00000053  BCSCTL3                       
0000b8c2  C$$EXIT                       
000010fb  CALBC1_12MHZ                  
000010f9  CALBC1_16MHZ                  
000010ff  CALBC1_1MHZ                   
000010fd  CALBC1_8MHZ                   
000010fa  CALDCO_12MHZ                  
000010f8  CALDCO_16MHZ                  
000010fe  CALDCO_1MHZ                   
000010fc  CALDCO_8MHZ                   
0000b18e  CC_CheckERROR                 
0000a2fc  CC_Init                       
0000b0ca  CC_ReadMessage                
0000b438  CC_ReadReg                    
0000b05e  CC_SendMessage                
0000b2fc  CC_SetAddress                 
0000b4ac  CC_SetChannel                 
0000ae1c  CC_SetWaitState               
0000b68a  CC_Strobe                     
0000ada2  CC_WriteReg                   
00000056  DCOCTL                        
00000128  FCTL1                         
0000012a  FCTL2                         
0000012c  FCTL3                         
000099d6  FToA                          
00000000  IE1                           
00000001  IE2                           
00000002  IFG1                          
00000003  IFG2                          
000000c0  OA0CTL0                       
000000c1  OA0CTL1                       
000000c2  OA1CTL0                       
000000c3  OA1CTL1                       
00000022  P1DIR                         
00000025  P1IE                          
00000024  P1IES                         
00000023  P1IFG                         
00000020  P1IN                          
00000021  P1OUT                         
00000027  P1REN                         
00000026  P1SEL                         
0000002a  P2DIR                         
0000002d  P2IE                          
0000002c  P2IES                         
0000002b  P2IFG                         
00000028  P2IN                          
00000029  P2OUT                         
0000002f  P2REN                         
0000002e  P2SEL                         
0000001a  P3DIR                         
00000018  P3IN                          
00000019  P3OUT                         
00000010  P3REN                         
0000001b  P3SEL                         
0000001e  P4DIR                         
0000001c  P4IN                          
0000001d  P4OUT                         
00000011  P4REN                         
0000001f  P4SEL                         
0000b57e  Port1_ISR                     
0000b6b4  Port_2_ISR                    
0000b5ac  SPI_Init                      
0000b87e  SPI_Read                      
0000b808  SPI_Send                      
0000b772  SerialWrite                   
0000b472  SerialWriteln                 
00000222  Status                        
00000172  TACCR0                        
00000174  TACCR1                        
00000176  TACCR2                        
00000162  TACCTL0                       
00000164  TACCTL1                       
00000166  TACCTL2                       
00000160  TACTL                         
0000012e  TAIV                          
00000170  TAR                           
00000192  TBCCR0                        
00000194  TBCCR1                        
00000196  TBCCR2                        
00000182  TBCCTL0                       
00000184  TBCCTL1                       
00000186  TBCCTL2                       
00000180  TBCTL                         
0000011e  TBIV                          
00000190  TBR                           
0000b89e  TIMERA0                       
0000ae92  UART_Init                     
0000af08  UART_Rx                       
00000212  UART_RxBuf                    
00000200  UART_TxBuf                    
0000005d  UCA0ABCTL                     
00000062  UCA0BR0                       
00000063  UCA0BR1                       
00000060  UCA0CTL0                      
00000061  UCA0CTL1                      
0000005f  UCA0IRRCTL                    
0000005e  UCA0IRTCTL                    
00000064  UCA0MCTL                      
00000066  UCA0RXBUF                     
00000065  UCA0STAT                      
00000067  UCA0TXBUF                     
0000006a  UCB0BR0                       
0000006b  UCB0BR1                       
00000068  UCB0CTL0                      
00000069  UCB0CTL1                      
0000006c  UCB0I2CIE                     
00000118  UCB0I2COA                     
0000011a  UCB0I2CSA                     
0000006e  UCB0RXBUF                     
0000006d  UCB0STAT                      
0000006f  UCB0TXBUF                     
00000120  WDTCTL                        
0000ab96  _CC_FifoAccess                
00000600  __STACK_END                   
00000050  __STACK_SIZE                  
0000b954  __TI_CINIT_Base               
0000b95c  __TI_CINIT_Limit              
0000b95c  __TI_CINIT_Warm               
0000b94a  __TI_Handler_Table_Base       
0000b950  __TI_Handler_Table_Limit      
0000b8ac  __TI_ISR_TRAP                 
0000b33e  __TI_auto_init_nobinit_nopinit
0000ad26  __TI_decompress_lzss          
0000b848  __TI_decompress_none          
0000929e  __TI_frcdivd                  
0000a18a  __TI_frcmpyd                  
0000ffe4  __TI_int02                    
0000ffe6  __TI_int03                    
0000ffea  __TI_int05                    
0000ffec  __TI_int06                    
0000ffee  __TI_int07                    
0000fff0  __TI_int08                    
0000fff2  __TI_int09                    
0000fff4  __TI_int10                    
0000fff8  __TI_int12                    
0000fffa  __TI_int13                    
0000fffc  __TI_int14                    
ffffffff  __TI_pprof_out_hndl           
ffffffff  __TI_prof_data_size           
ffffffff  __TI_prof_data_start          
0000b820  __TI_zero_init_nomemset       
ffffffff  __c_args__                    
00008000  __mspabi_addd                 
0000a440  __mspabi_addf                 
0000a75c  __mspabi_cmpd                 
0000a8fc  __mspabi_cvtdf                
0000afee  __mspabi_cvtfd                
00009c10  __mspabi_divd                 
0000aafa  __mspabi_divf                 
0000b6de  __mspabi_fixdi                
0000af7c  __mspabi_fixdli               
0000b4e4  __mspabi_fltif                
0000a9b0  __mspabi_fltlid               
0000b8bc  __mspabi_fltud                
0000b72c  __mspabi_fltuf                
0000ac20  __mspabi_fltuld               
0000b89a  __mspabi_func_epilog_1        
0000b898  __mspabi_func_epilog_2        
0000b896  __mspabi_func_epilog_3        
0000b894  __mspabi_func_epilog_4        
0000b892  __mspabi_func_epilog_5        
0000b890  __mspabi_func_epilog_6        
0000b88e  __mspabi_func_epilog_7        
00009716  __mspabi_mpyd                 
0000a838  __mspabi_mpyf                 
0000b834  __mspabi_mpyi                 
0000b834  __mspabi_mpyi_sw              
0000b706  __mspabi_mpyl                 
0000b706  __mspabi_mpyl_sw              
0000a56c  __mspabi_mpyll                
0000a56c  __mspabi_mpyll_sw             
0000b794  __mspabi_mpyul                
0000b794  __mspabi_mpyul_sw             
0000b7b6  __mspabi_mpyull               
0000b7b6  __mspabi_mpyull_sw            
0000b634  __mspabi_slli                 
0000b65c  __mspabi_slli_1               
0000b64a  __mspabi_slli_10              
0000b648  __mspabi_slli_11              
0000b646  __mspabi_slli_12              
0000b644  __mspabi_slli_13              
0000b642  __mspabi_slli_14              
0000b640  __mspabi_slli_15              
0000b65a  __mspabi_slli_2               
0000b658  __mspabi_slli_3               
0000b656  __mspabi_slli_4               
0000b654  __mspabi_slli_5               
0000b652  __mspabi_slli_6               
0000b650  __mspabi_slli_7               
0000b64e  __mspabi_slli_8               
0000b64c  __mspabi_slli_9               
0000b3f6  __mspabi_slll_1               
0000b3d2  __mspabi_slll_10              
0000b3ce  __mspabi_slll_11              
0000b3ca  __mspabi_slll_12              
0000b3c6  __mspabi_slll_13              
0000b3c2  __mspabi_slll_14              
0000b3be  __mspabi_slll_15              
0000b3f2  __mspabi_slll_2               
0000b3ee  __mspabi_slll_3               
0000b3ea  __mspabi_slll_4               
0000b3e6  __mspabi_slll_5               
0000b3e2  __mspabi_slll_6               
0000b3de  __mspabi_slll_7               
0000b3da  __mspabi_slll_8               
0000b3d6  __mspabi_slll_9               
0000b2b8  __mspabi_sllll                
0000b608  __mspabi_srai                 
0000b630  __mspabi_srai_1               
0000b61e  __mspabi_srai_10              
0000b61c  __mspabi_srai_11              
0000b61a  __mspabi_srai_12              
0000b618  __mspabi_srai_13              
0000b616  __mspabi_srai_14              
0000b614  __mspabi_srai_15              
0000b62e  __mspabi_srai_2               
0000b62c  __mspabi_srai_3               
0000b62a  __mspabi_srai_4               
0000b628  __mspabi_srai_5               
0000b626  __mspabi_srai_6               
0000b624  __mspabi_srai_7               
0000b622  __mspabi_srai_8               
0000b620  __mspabi_srai_9               
0000b3b8  __mspabi_sral_1               
0000b394  __mspabi_sral_10              
0000b390  __mspabi_sral_11              
0000b38c  __mspabi_sral_12              
0000b388  __mspabi_sral_13              
0000b384  __mspabi_sral_14              
0000b380  __mspabi_sral_15              
0000b3b4  __mspabi_sral_2               
0000b3b0  __mspabi_sral_3               
0000b3ac  __mspabi_sral_4               
0000b3a8  __mspabi_sral_5               
0000b3a4  __mspabi_sral_6               
0000b3a0  __mspabi_sral_7               
0000b39c  __mspabi_sral_8               
0000b398  __mspabi_sral_9               
0000b228  __mspabi_srall                
0000b1dc  __mspabi_srli                 
0000b222  __mspabi_srli_1               
0000b1fe  __mspabi_srli_10              
0000b1fa  __mspabi_srli_11              
0000b1f6  __mspabi_srli_12              
0000b1f2  __mspabi_srli_13              
0000b1ee  __mspabi_srli_14              
0000b1ea  __mspabi_srli_15              
0000b21e  __mspabi_srli_2               
0000b21a  __mspabi_srli_3               
0000b216  __mspabi_srli_4               
0000b212  __mspabi_srli_5               
0000b20e  __mspabi_srli_6               
0000b20a  __mspabi_srli_7               
0000b206  __mspabi_srli_8               
0000b202  __mspabi_srli_9               
0000b85a  __mspabi_srll                 
0000b186  __mspabi_srll_1               
0000b150  __mspabi_srll_10              
0000b14a  __mspabi_srll_11              
0000b144  __mspabi_srll_12              
0000b13e  __mspabi_srll_13              
0000b138  __mspabi_srll_14              
0000b132  __mspabi_srll_15              
0000b180  __mspabi_srll_2               
0000b17a  __mspabi_srll_3               
0000b174  __mspabi_srll_4               
0000b16e  __mspabi_srll_5               
0000b168  __mspabi_srll_6               
0000b162  __mspabi_srll_7               
0000b15c  __mspabi_srll_8               
0000b156  __mspabi_srll_9               
0000b272  __mspabi_srlll                
0000b5da  __mspabi_subd                 
0000a43a  __mspabi_subf                 
0000b7d4  _c_int00_noargs               
00000226  _cc2500_status                
0000fffe  _reset_vector                 
000005b0  _stack                        
0000b8cc  _system_post_cinit            
0000b8c8  _system_pre_init              
0000b8c2  abort                         
00000224  adcStatus                     
0000b3fc  board_init                    
0000a002  convert_RtoTemp               
0000b51a  delay_ms                      
0000b54e  delay_us                      
00000228  errno                         
00008736  log                           
00008736  logl                          
00008d72  main                          
0000b86c  memcpy                        
0000b8b4  wait                          


GLOBAL SYMBOLS: SORTED BY Symbol Address 

address   name                          
-------   ----                          
00000000  IE1                           
00000001  IE2                           
00000002  IFG1                          
00000003  IFG2                          
00000010  P3REN                         
00000011  P4REN                         
00000018  P3IN                          
00000019  P3OUT                         
0000001a  P3DIR                         
0000001b  P3SEL                         
0000001c  P4IN                          
0000001d  P4OUT                         
0000001e  P4DIR                         
0000001f  P4SEL                         
00000020  P1IN                          
00000021  P1OUT                         
00000022  P1DIR                         
00000023  P1IFG                         
00000024  P1IES                         
00000025  P1IE                          
00000026  P1SEL                         
00000027  P1REN                         
00000028  P2IN                          
00000029  P2OUT                         
0000002a  P2DIR                         
0000002b  P2IFG                         
0000002c  P2IES                         
0000002d  P2IE                          
0000002e  P2SEL                         
0000002f  P2REN                         
00000048  ADC10DTC0                     
00000049  ADC10DTC1                     
0000004a  ADC10AE0                      
0000004b  ADC10AE1                      
00000050  __STACK_SIZE                  
00000053  BCSCTL3                       
00000056  DCOCTL                        
00000057  BCSCTL1                       
00000058  BCSCTL2                       
0000005d  UCA0ABCTL                     
0000005e  UCA0IRTCTL                    
0000005f  UCA0IRRCTL                    
00000060  UCA0CTL0                      
00000061  UCA0CTL1                      
00000062  UCA0BR0                       
00000063  UCA0BR1                       
00000064  UCA0MCTL                      
00000065  UCA0STAT                      
00000066  UCA0RXBUF                     
00000067  UCA0TXBUF                     
00000068  UCB0CTL0                      
00000069  UCB0CTL1                      
0000006a  UCB0BR0                       
0000006b  UCB0BR1                       
0000006c  UCB0I2CIE                     
0000006d  UCB0STAT                      
0000006e  UCB0RXBUF                     
0000006f  UCB0TXBUF                     
000000c0  OA0CTL0                       
000000c1  OA0CTL1                       
000000c2  OA1CTL0                       
000000c3  OA1CTL1                       
00000118  UCB0I2COA                     
0000011a  UCB0I2CSA                     
0000011e  TBIV                          
00000120  WDTCTL                        
00000128  FCTL1                         
0000012a  FCTL2                         
0000012c  FCTL3                         
0000012e  TAIV                          
00000160  TACTL                         
00000162  TACCTL0                       
00000164  TACCTL1                       
00000166  TACCTL2                       
00000170  TAR                           
00000172  TACCR0                        
00000174  TACCR1                        
00000176  TACCR2                        
00000180  TBCTL                         
00000182  TBCCTL0                       
00000184  TBCCTL1                       
00000186  TBCCTL2                       
00000190  TBR                           
00000192  TBCCR0                        
00000194  TBCCR1                        
00000196  TBCCR2                        
000001b0  ADC10CTL0                     
000001b2  ADC10CTL1                     
000001b4  ADC10MEM                      
000001bc  ADC10SA                       
00000200  UART_TxBuf                    
00000212  UART_RxBuf                    
00000222  Status                        
00000224  adcStatus                     
00000226  _cc2500_status                
00000228  errno                         
000005b0  _stack                        
00000600  __STACK_END                   
000010f8  CALDCO_16MHZ                  
000010f9  CALBC1_16MHZ                  
000010fa  CALDCO_12MHZ                  
000010fb  CALBC1_12MHZ                  
000010fc  CALDCO_8MHZ                   
000010fd  CALBC1_8MHZ                   
000010fe  CALDCO_1MHZ                   
000010ff  CALBC1_1MHZ                   
00008000  __mspabi_addd                 
00008736  log                           
00008736  logl                          
00008d72  main                          
0000929e  __TI_frcdivd                  
00009716  __mspabi_mpyd                 
000099d6  FToA                          
00009c10  __mspabi_divd                 
00009e42  ADC_SetSHTime                 
0000a002  convert_RtoTemp               
0000a18a  __TI_frcmpyd                  
0000a2fc  CC_Init                       
0000a43a  __mspabi_subf                 
0000a440  __mspabi_addf                 
0000a56c  __mspabi_mpyll                
0000a56c  __mspabi_mpyll_sw             
0000a680  ADC_GetInternalTemp           
0000a75c  __mspabi_cmpd                 
0000a838  __mspabi_mpyf                 
0000a8fc  __mspabi_cvtdf                
0000a9b0  __mspabi_fltlid               
0000aa5c  ADC_SetChannel                
0000aafa  __mspabi_divf                 
0000ab96  _CC_FifoAccess                
0000ac20  __mspabi_fltuld               
0000acaa  ADC_GetR2                     
0000ad26  __TI_decompress_lzss          
0000ada2  CC_WriteReg                   
0000ae1c  CC_SetWaitState               
0000ae92  UART_Init                     
0000af08  UART_Rx                       
0000af7c  __mspabi_fixdli               
0000afee  __mspabi_cvtfd                
0000b05e  CC_SendMessage                
0000b0ca  CC_ReadMessage                
0000b132  __mspabi_srll_15              
0000b138  __mspabi_srll_14              
0000b13e  __mspabi_srll_13              
0000b144  __mspabi_srll_12              
0000b14a  __mspabi_srll_11              
0000b150  __mspabi_srll_10              
0000b156  __mspabi_srll_9               
0000b15c  __mspabi_srll_8               
0000b162  __mspabi_srll_7               
0000b168  __mspabi_srll_6               
0000b16e  __mspabi_srll_5               
0000b174  __mspabi_srll_4               
0000b17a  __mspabi_srll_3               
0000b180  __mspabi_srll_2               
0000b186  __mspabi_srll_1               
0000b18e  CC_CheckERROR                 
0000b1dc  __mspabi_srli                 
0000b1ea  __mspabi_srli_15              
0000b1ee  __mspabi_srli_14              
0000b1f2  __mspabi_srli_13              
0000b1f6  __mspabi_srli_12              
0000b1fa  __mspabi_srli_11              
0000b1fe  __mspabi_srli_10              
0000b202  __mspabi_srli_9               
0000b206  __mspabi_srli_8               
0000b20a  __mspabi_srli_7               
0000b20e  __mspabi_srli_6               
0000b212  __mspabi_srli_5               
0000b216  __mspabi_srli_4               
0000b21a  __mspabi_srli_3               
0000b21e  __mspabi_srli_2               
0000b222  __mspabi_srli_1               
0000b228  __mspabi_srall                
0000b272  __mspabi_srlll                
0000b2b8  __mspabi_sllll                
0000b2fc  CC_SetAddress                 
0000b33e  __TI_auto_init_nobinit_nopinit
0000b380  __mspabi_sral_15              
0000b384  __mspabi_sral_14              
0000b388  __mspabi_sral_13              
0000b38c  __mspabi_sral_12              
0000b390  __mspabi_sral_11              
0000b394  __mspabi_sral_10              
0000b398  __mspabi_sral_9               
0000b39c  __mspabi_sral_8               
0000b3a0  __mspabi_sral_7               
0000b3a4  __mspabi_sral_6               
0000b3a8  __mspabi_sral_5               
0000b3ac  __mspabi_sral_4               
0000b3b0  __mspabi_sral_3               
0000b3b4  __mspabi_sral_2               
0000b3b8  __mspabi_sral_1               
0000b3be  __mspabi_slll_15              
0000b3c2  __mspabi_slll_14              
0000b3c6  __mspabi_slll_13              
0000b3ca  __mspabi_slll_12              
0000b3ce  __mspabi_slll_11              
0000b3d2  __mspabi_slll_10              
0000b3d6  __mspabi_slll_9               
0000b3da  __mspabi_slll_8               
0000b3de  __mspabi_slll_7               
0000b3e2  __mspabi_slll_6               
0000b3e6  __mspabi_slll_5               
0000b3ea  __mspabi_slll_4               
0000b3ee  __mspabi_slll_3               
0000b3f2  __mspabi_slll_2               
0000b3f6  __mspabi_slll_1               
0000b3fc  board_init                    
0000b438  CC_ReadReg                    
0000b472  SerialWriteln                 
0000b4ac  CC_SetChannel                 
0000b4e4  __mspabi_fltif                
0000b51a  delay_ms                      
0000b54e  delay_us                      
0000b57e  Port1_ISR                     
0000b5ac  SPI_Init                      
0000b5da  __mspabi_subd                 
0000b608  __mspabi_srai                 
0000b614  __mspabi_srai_15              
0000b616  __mspabi_srai_14              
0000b618  __mspabi_srai_13              
0000b61a  __mspabi_srai_12              
0000b61c  __mspabi_srai_11              
0000b61e  __mspabi_srai_10              
0000b620  __mspabi_srai_9               
0000b622  __mspabi_srai_8               
0000b624  __mspabi_srai_7               
0000b626  __mspabi_srai_6               
0000b628  __mspabi_srai_5               
0000b62a  __mspabi_srai_4               
0000b62c  __mspabi_srai_3               
0000b62e  __mspabi_srai_2               
0000b630  __mspabi_srai_1               
0000b634  __mspabi_slli                 
0000b640  __mspabi_slli_15              
0000b642  __mspabi_slli_14              
0000b644  __mspabi_slli_13              
0000b646  __mspabi_slli_12              
0000b648  __mspabi_slli_11              
0000b64a  __mspabi_slli_10              
0000b64c  __mspabi_slli_9               
0000b64e  __mspabi_slli_8               
0000b650  __mspabi_slli_7               
0000b652  __mspabi_slli_6               
0000b654  __mspabi_slli_5               
0000b656  __mspabi_slli_4               
0000b658  __mspabi_slli_3               
0000b65a  __mspabi_slli_2               
0000b65c  __mspabi_slli_1               
0000b660  ADC_Done                      
0000b68a  CC_Strobe                     
0000b6b4  Port_2_ISR                    
0000b6de  __mspabi_fixdi                
0000b706  __mspabi_mpyl                 
0000b706  __mspabi_mpyl_sw              
0000b72c  __mspabi_fltuf                
0000b750  ADC_getVal                    
0000b772  SerialWrite                   
0000b794  __mspabi_mpyul                
0000b794  __mspabi_mpyul_sw             
0000b7b6  __mspabi_mpyull               
0000b7b6  __mspabi_mpyull_sw            
0000b7d4  _c_int00_noargs               
0000b7f0  ADC_init                      
0000b808  SPI_Send                      
0000b820  __TI_zero_init_nomemset       
0000b834  __mspabi_mpyi                 
0000b834  __mspabi_mpyi_sw              
0000b848  __TI_decompress_none          
0000b85a  __mspabi_srll                 
0000b86c  memcpy                        
0000b87e  SPI_Read                      
0000b88e  __mspabi_func_epilog_7        
0000b890  __mspabi_func_epilog_6        
0000b892  __mspabi_func_epilog_5        
0000b894  __mspabi_func_epilog_4        
0000b896  __mspabi_func_epilog_3        
0000b898  __mspabi_func_epilog_2        
0000b89a  __mspabi_func_epilog_1        
0000b89e  TIMERA0                       
0000b8ac  __TI_ISR_TRAP                 
0000b8b4  wait                          
0000b8bc  __mspabi_fltud                
0000b8c2  C$$EXIT                       
0000b8c2  abort                         
0000b8c8  _system_pre_init              
0000b8cc  _system_post_cinit            
0000b94a  __TI_Handler_Table_Base       
0000b950  __TI_Handler_Table_Limit      
0000b954  __TI_CINIT_Base               
0000b95c  __TI_CINIT_Limit              
0000b95c  __TI_CINIT_Warm               
0000ffe4  __TI_int02                    
0000ffe6  __TI_int03                    
0000ffea  __TI_int05                    
0000ffec  __TI_int06                    
0000ffee  __TI_int07                    
0000fff0  __TI_int08                    
0000fff2  __TI_int09                    
0000fff4  __TI_int10                    
0000fff8  __TI_int12                    
0000fffa  __TI_int13                    
0000fffc  __TI_int14                    
0000fffe  _reset_vector                 
ffffffff  __TI_pprof_out_hndl           
ffffffff  __TI_prof_data_size           
ffffffff  __TI_prof_data_start          
ffffffff  __c_args__                    

[309 symbols]
